11:51:45 [INFO] ParquetStore OK
11:51:48 [INFO] Loading data: 2021-01-01 ~ 2024-12-31
11:54:12 [INFO] Using pre-post odds (5min before): 184177 rows
11:54:12 [INFO] Building features
11:54:12 [INFO] Feature cache HIT: feat_5a5d34441cf2641a
11:54:13 [INFO] Skipping wide odds pivot for betting_target=win
11:58:28 [INFO] [TIMING] turf/horse_history: 255.090s
11:58:28 [INFO] [TIMING] turf/add_race_transforms: 0.243s
11:59:22 [INFO] [TIMING] turf/pace_aptitude: 53.723s
12:00:16 [INFO] [TIMING] turf/course_features: 54.362s
12:00:30 [INFO] [TIMING] turf/sire_features: 13.255s
12:21:11 [INFO] [TIMING] turf/dam_pedigree: 1241.448s
12:21:11 [INFO] [TIMING] turf/record_features: 0.104s
12:21:12 [INFO] [TIMING] turf/interaction: 0.330s
12:21:12 [INFO] [TIMING] turf/mining_features: 0.171s
12:21:12 [INFO] [TIMING] turf/relative_features: 0.292s
12:21:17 [INFO] [TIMING] turf/market_model: 5.212s
12:21:19 [INFO] SubModel 'turf' 学習完了: 21913 samples
12:21:23 [INFO] SubModel 'turf' 学習完了: 43570 samples
12:21:29 [INFO] SubModel 'turf' 学習完了: 65967 samples
12:21:32 [INFO] SubModel 'turf' 学習完了: 88105 samples
12:21:32 [INFO] [TIMING] turf/ability_oof: 14.644s
12:21:32 [INFO] [TIMING] turf/target_encoding: 0.148s
12:21:33 [INFO] Skipping PlaceAbilityModel for turf (betting_target=win)
12:22:37 [INFO] XGB correlation penalty applied: mean_corr=0.9724 > threshold=0.8500
12:27:56 [INFO] CAT correlation penalty applied: mean_corr=0.9691 > threshold=0.8500
12:28:15 [INFO] Orthogonalized XGB stack feature: max_corr=0.9629 >= threshold=0.9500
12:28:15 [INFO] Orthogonalized CAT stack feature: max_corr=0.9597 >= threshold=0.9500
12:28:25 [INFO] OOF prediction correlation LGB-XGB: 0.6042
12:28:25 [INFO] OOF prediction correlation LGB-CAT: 0.6031
12:28:25 [INFO] OOF prediction correlation XGB-CAT: 0.4096
12:28:25 [INFO] Feature importance rank correlation LGB-XGB: 0.7110
12:28:25 [INFO] Feature importance rank correlation LGB-CAT: 0.7422
12:28:25 [INFO] Feature importance rank correlation XGB-CAT: 0.6350
12:28:25 [INFO] [TIMING] turf/win_hit_ensemble: 412.572s
12:28:26 [INFO] [TIMING] turf/win_return: 0.389s
12:28:26 [INFO] [TIMING] turf/win_predict: 0.410s
12:28:27 [INFO] [TIMING] turf/jockey_ctx: 0.825s
12:28:28 [INFO] [TIMING] turf/trainer_ctx: 0.779s
12:28:40 [INFO] [TIMING] turf/jt_combo: 11.930s
12:28:41 [INFO] [TIMING] turf/ev_correction: 1.488s
12:28:52 [INFO] [TIMING] turf/ev_isotonic_oof: 10.583s
12:28:52 [INFO] [TIMING] turf/ev_isotonic_fit: 0.015s
12:28:53 [INFO] EV Isotonic fitted for turf: 55188 OOF samples, band_scales={'1.0-3.0': 1.1526064528444722, '3.0-10.0': 1.1162196329614407, '10.0-30.0': 1.1262907208234139, '30.0+': 0.8336689482059664}
12:28:53 [INFO] Skipping place model training for turf (betting_target=win)
12:29:03 [INFO] Win OOF: 55188 valid / 66192 total samples
12:29:03 [INFO] [TIMING] turf/win_oof: 10.341s
12:29:07 [INFO] [TIMING] turf/market_aware_calibrator: 3.678s
12:29:07 [INFO] MarketAwareWinCalibrator trained for turf: is_trained=True best_c=0.03 summary={'best_c': 0.03, 'n_samples': 55188, 'n_features': 51, 'n_positive': 4141, 'beta_market_contribution': 0.8123244510216908, 'deployment_status': 'deployable', 'trained': True}
12:29:18 [INFO] [TIMING] turf/race_level_ranker: 11.446s
12:29:18 [INFO] RaceLevelRanker trained for turf: is_trained=True summary={'relevance_best_alpha_turf': 0.1, 'value_best_alpha_turf': 10.0, 'turf_diagnostics': {'top1_win_rate': 0.32841596130592504, 'ndcg_at_3': 0.5658270191677587, 'rank_of_actual_winner': 3.3117604443371165, 'top3_contains_winner': 0.6599758162031439}, 'deployment_status': 'shadow_only', 'component_names': ['relevance_score', 'value_score', 'relevance_score_pct', 'value_score_pct', 'calibrated_log_ev_pct', 'uncertainty_penalty_pct', 'investment_score'], 'trained': True, 'n_samples': 55188}
12:29:21 [INFO] CQR calibrated: Q_90=0.1000, Q_80=0.0421, residual_floor_90=0.0514, residual_floor_80=0.0421, n_calib=13239
12:29:21 [INFO] Conformal EV fitted for turf: Q_90=0.1000, Q_80=0.0421
12:29:21 [INFO] [TIMING] turf/conformal_ev: 3.194s
12:29:32 [INFO] [TIMING] turf/win_selection_oof: 10.866s
12:29:32 [INFO] Drift diagnostics saved to data\backtest\drift_diagnostics_turf.json
12:29:32 [INFO] === Drift Diagnostics Summary (surface=turf) ===
12:29:32 [INFO]   p_win_pred: mean=0.1701 std=0.1687 q50=0.0949 n=55188
12:29:32 [INFO]   ev_win: mean=1.9712 std=0.7946 q50=1.9022 n=55188
12:29:32 [INFO]   p_win_corrected: mean=0.0749 std=0.0770 q50=0.0404 n=55188
12:29:32 [INFO]   ev_win_corrected: mean=0.8522 std=0.3497 q50=0.8045 n=55188
12:29:32 [INFO]   win_selection_prob: mean=0.0749 std=0.0770 q50=0.0404 n=55188
12:29:32 [INFO]   win_selection_edge: mean=-0.1478 std=0.3497 q50=-0.1955 n=55188
12:29:32 [INFO]   win_selection_ev: mean=0.8522 std=0.3497 q50=0.8045 n=55188
12:29:32 [INFO]   Surface turf: OK (7 columns)
12:29:32 [INFO]   Year 2022: OK (7 columns)
12:29:32 [INFO]   Year 2023: OK (7 columns)
12:29:32 [INFO]   Year 2024: OK (7 columns)
12:29:32 [INFO] No significant drift detected.
12:29:32 [INFO] [TIMING] turf/drift_diagnostics: 0.208s
12:29:33 [INFO] EV diagnostics written to data\backtest\ev_diagnostics_turf.json
12:29:33 [INFO] === EV Diagnostics (turf) ===
12:29:33 [INFO]   Samples: 55188 / 55188
12:29:33 [INFO]   Correlation: r=0.0024 (p=0.5715)
12:29:33 [INFO]   RMSE: 5.3341
12:29:33 [INFO]   EV Bias: +0.1540 (predicted 0.8522 vs actual 0.6982)
12:29:33 [INFO]   ECE: 0.0126
12:29:33 [INFO]   Brier: 0.0609 (reliability=0.0005, resolution=0.0082, uncertainty=0.0694)
12:29:33 [INFO]   Temporal drift (3 years):
12:29:33 [INFO]     2022: n=10833, bias=-0.0499, corr=0.008
12:29:33 [INFO]     2023: n=22393, bias=+0.2737, corr=-0.019
12:29:33 [INFO]     2024: n=21962, bias=+0.1325, corr=0.025
12:29:33 [INFO] [TIMING] turf/ev_diagnostics: 0.546s
12:30:31 [INFO] [TIMING] turf/win_selection_gate_train: 58.295s
12:30:44 [INFO] Win selection OOF guard passed for turf: {'context': 'turf/win_selection_train', 'n_races': 4135, 'top1_hit_rate': 0.135912938331318, 'top1_roi': 0.8707376058041111}
12:30:44 [INFO] WinSelectionPolicy trained for turf: late_odds_drop_weight=0.0900 summary={'selected_weight': 0.09, 'selected_ev_tail_penalty_weight': 0.0, 'default_weight': 0.09, 'default_ev_tail_penalty_weight': 0.0, 'ev_tail_threshold': 1.2, 'market_risk_penalty_weight': 0.1, 'default_log_odds_penalty': 0.08, 'default_prob_rank_bonus': 0.01, 'min_policy_deploy_roi_all': 0.85, 'min_tail_shrinkage_mean_roi_improvement': 0.005, 'min_tail_shrinkage_year_roi': 0.8, 'default_roi_mean_by_year': 0.8680855912558041, 'selected_roi_mean_by_year': 0.8680855912558041, 'selected_roi_min_by_year': 0.8191413237924865, 'selected_roi_all': 0.8707376058041111, 'selected_mean_delta_vs_default': 0.0, 'selected_min_year_delta_vs_default': 0.0, 'candidate_best_weight': 0.08, 'candidate_best_ev_tail_penalty_weight': 0.0, 'candidate_best_mean_delta_vs_default': 0.0169269217309842, 'candidate_best_min_year_delta_vs_default': -0.01063040791100145, 'roi_floor_met': True, 'stable_tail_shrinkage_met': False, 'deployable': False, 'fallback_reason': 'use_default_policy_until_candidate_beats_default_in_every_year', 'n_years': 3, 'candidates': [{'weight': 0.08, 'ev_tail_penalty_weight': 0.0, 'roi_all': 0.8933252720677145, 'roi_mean_by_year': 0.8850125129867883, 'roi_min_by_year': 0.8427688504326328, 'roi_std_by_year': 0.05794766997824765, 'n_years': 3, 'year_rois': {'2022': 0.8427688504326328, '2023': 0.8453190220632081, '2024': 0.966949666464524}, 'objective': 0.9589972475333144, 'mean_delta_vs_default': 0.0169269217309842, 'min_year_delta_vs_default': -0.01063040791100145, 'year_delta_vs_default': {'2022': -0.01063040791100145, '2023': 0.026177698270721583, '2024': 0.03523347483323225}, 'candidate_changed': True, 'changes_late_weight': True, 'uses_tail_shrinkage': False, 'roi_floor_met': True, 'stable_tail_shrinkage_met': False, 'deployable_candidate': False}, {'weight': 0.08, 'ev_tail_penalty_weight': 0.15, 'roi_all': 0.873857315598549, 'roi_mean_by_year': 0.8756573625948146, 'roi_min_by_year': 0.8543231961836614, 'roi_std_by_year': 0.015224906635676699, 'n_years': 3, 'year_rois': {'2022': 0.8838071693448702, '2023': 0.8543231961836614, '2024': 0.8888417222559125}, 'objective': 0.9557059462178293, 'mean_delta_vs_default': 0.007571771339010547, 'min_year_delta_vs_default': -0.0428744693753792, 'year_delta_vs_default': {'2022': 0.030407911001235965, '2023': 0.03518187239117487, '2024': -0.0428744693753792}, 'candidate_changed': True, 'changes_late_weight': True, 'uses_tail_shrinkage': True, 'roi_floor_met': True, 'stable_tail_shrinkage_met': False, 'deployable_candidate': False}, {'weight': 0.09, 'ev_tail_penalty_weight': 0.15, 'roi_all': 0.8734220072551391, 'roi_mean_by_year': 0.8730752894105985, 'roi_min_by_year': 0.8642814549791294, 'roi_std_by_year': 0.008120663186424236, 'n_years': 3, 'year_rois': {'2022': 0.8710754017305316, '2023': 0.8642814549791294, '2024': 0.8838690115221346}, 'objective': 0.9549853354305479, 'mean_delta_vs_default': 0.004989698154794442, 'min_year_delta_vs_default': -0.04784718010915712, 'year_delta_vs_default': {'2022': 0.01767614338689727, '2023': 0.04514013118664295, '2024': -0.04784718010915712}, 'candidate_changed': True, 'changes_late_weight': False, 'uses_tail_shrinkage': True, 'roi_floor_met': True, 'stable_tail_shrinkage_met': False, 'deployable_candidate': False}, {'weight': 0.08, 'ev_tail_penalty_weight': 0.75, 'roi_all': 0.881136638452237, 'roi_mean_by_year': 0.8883463658461125, 'roi_min_by_year': 0.8221824686940966, 'roi_std_by_year': 0.04678523490501501, 'n_years': 3, 'year_rois': {'2022': 0.9216316440049444, '2023': 0.8221824686940966, '2024': 0.9212249848392965}, 'objective': 0.9544468274797699, 'mean_delta_vs_default': 0.020260774590308395, 'min_year_delta_vs_default': -0.010491206791995222, 'year_delta_vs_default': {'2022': 0.06823238566131007, '2023': 0.0030411449016101155, '2024': -0.010491206791995222}, 'candidate_changed': True, 'changes_late_weight': True, 'uses_tail_shrinkage': True, 'roi_floor_met': True, 'stable_tail_shrinkage_met': False, 'deployable_candidate': False}, {'weight': 0.08, 'ev_tail_penalty_weight': 1.0, 'roi_all': 0.8835308343409914, 'roi_mean_by_year': 0.8926751268982235, 'roi_min_by_year': 0.8114490161001788, 'roi_std_by_year': 0.05745217136098894, 'n_years': 3, 'year_rois': {'2022': 0.934981458590853, '2023': 0.8114490161001788, '2024': 0.9315949060036385}, 'objective': 0.9536022028040929, 'mean_delta_vs_default': 0.02458953564241939, 'min_year_delta_vs_default': -0.007692307692307665, 'year_delta_vs_default': {'2022': 0.08158220024721874, '2023': -0.007692307692307665, '2024': -0.0001212856276532337}, 'candidate_changed': True, 'changes_late_weight': True, 'uses_tail_shrinkage': True, 'roi_floor_met': True, 'stable_tail_shrinkage_met': False, 'deployable_candidate': False}, {'weight': 0.09, 'ev_tail_penalty_weight': 0.3, 'roi_all': 0.8666263603385732, 'roi_mean_by_year': 0.8698020049859729, 'roi_min_by_year': 0.843231961836613, 'roi_std_by_year': 0.01882573153026414, 'n_years': 3, 'year_rois': {'2022': 0.8845488257107539, '2023': 0.843231961836613, '2024': 0.8816252274105518}, 'objective': 0.9465013414400946, 'mean_delta_vs_default': 0.001716413730168842, 'min_year_delta_vs_default': -0.050090964220739886, 'year_delta_vs_default': {'2022': 0.0311495673671196, '2023': 0.024090638044126478, '2024': -0.050090964220739886}, 'candidate_changed': True, 'changes_late_weight': False, 'uses_tail_shrinkage': True, 'roi_floor_met': True, 'stable_tail_shrinkage_met': False, 'deployable_candidate': False}, {'weight': 0.08, 'ev_tail_penalty_weight': 0.5, 'roi_all': 0.8713422007255139, 'roi_mean_by_year': 0.8761466636019426, 'roi_min_by_year': 0.8228980322003577, 'roi_std_by_year': 0.03785157850105226, 'n_years': 3, 'year_rois': {'2022': 0.8980222496909765, '2023': 0.8228980322003577, '2024': 0.9075197089144936}, 'objective': 0.9461587300468205, 'mean_delta_vs_default': 0.00806107234613851, 'min_year_delta_vs_default': -0.024196482716798084, 'year_delta_vs_default': {'2022': 0.04462299134734227, '2023': 0.0037567084078712343, '2024': -0.024196482716798084}, 'candidate_changed': True, 'changes_late_weight': True, 'uses_tail_shrinkage': True, 'roi_floor_met': True, 'stable_tail_shrinkage_met': False, 'deployable_candidate': False}, {'weight': 0.09, 'ev_tail_penalty_weight': 0.0, 'roi_all': 0.8707376058041111, 'roi_mean_by_year': 0.8680855912558041, 'roi_min_by_year': 0.8191413237924865, 'roi_std_by_year': 0.04711716953890183, 'n_years': 3, 'year_rois': {'2022': 0.8533992583436343, '2023': 0.8191413237924865, '2024': 0.9317161916312917}, 'objective': 0.9411321482042174, 'mean_delta_vs_default': 0.0, 'min_year_delta_vs_default': 0.0, 'year_delta_vs_default': {'2022': 0.0, '2023': 0.0, '2024': 0.0}, 'candidate_changed': False, 'changes_late_weight': False, 'uses_tail_shrinkage': False, 'roi_floor_met': True, 'stable_tail_shrinkage_met': False, 'deployable_candidate': False}, {'weight': 0.09, 'ev_tail_penalty_weight': 1.0, 'roi_all': 0.8721644498186215, 'roi_mean_by_year': 0.8747614517846293, 'roi_min_by_year': 0.8219439475253429, 'roi_std_by_year': 0.03940366767114844, 'n_years': 3, 'year_rois': {'2022': 0.8857849196538936, '2023': 0.8219439475253429, '2024': 0.9165554881746514}, 'objective': 0.9392452963864913, 'mean_delta_vs_default': 0.006675860528825184, 'min_year_delta_vs_default': -0.015160703456640334, 'year_delta_vs_default': {'2022': 0.03238566131025933, '2023': 0.0028026237328564463, '2024': -0.015160703456640334}, 'candidate_changed': True, 'changes_late_weight': False, 'uses_tail_shrinkage': True, 'roi_floor_met': True, 'stable_tail_shrinkage_met': False, 'deployable_candidate': False}, {'weight': 0.09, 'ev_tail_penalty_weight': 0.75, 'roi_all': 0.8662152357920194, 'roi_mean_by_year': 0.8707504526260105, 'roi_min_by_year': 0.8189028026237328, 'roi_std_by_year': 0.0369189233050327, 'n_years': 3, 'year_rois': {'2022': 0.8913473423980222, '2023': 0.8189028026237328, '2024': 0.9020012128562765}, 'objective': 0.9378028943926289, 'mean_delta_vs_default': 0.002664861370206384, 'min_year_delta_vs_default': -0.029714978775015166, 'year_delta_vs_default': {'2022': 0.037948084054387876, '2023': -0.00023852116875366924, '2024': -0.029714978775015166}, 'candidate_changed': True, 'changes_late_weight': False, 'uses_tail_shrinkage': True, 'roi_floor_met': True, 'stable_tail_shrinkage_met': False, 'deployable_candidate': False}]}
12:30:44 [INFO] [TIMING] turf/win_selection_policy_train: 12.589s
12:30:49 [INFO] WinProfitSelector trained for turf: trained=False summary={'reason': 'no_deployable_profit_policy', 'selected_params': {'rank_limit': 1, 'min_score': -inf, 'min_edge': -inf, 'min_prob': 0.08, 'min_odds': 2.0, 'max_odds': 30.0}, 'eval_bets': 3113.0, 'eval_roi': 0.9424028268551237, 'eval_profit': -179.3, 'eval_yearly_roi': {'2022': 0.9513307984790875, '2023': 1.0557312252964428, '2024': 1.0120734908136484}, 'min_eval_bets': 2949.0, 'min_yearly_roi': 0.85, 'n_eval_races': 3932, 'n_train_races': 4135, 'candidates': [{'params': {'rank_limit': 1, 'min_score': -inf, 'min_edge': -inf, 'min_prob': 0.08, 'min_odds': 2.0, 'max_odds': 30.0}, 'bets': 3113.0, 'roi': 0.9424028268551237, 'profit': -179.3, 'max_dd': 120.90000000000002, 'objective': -181.71800000000002, 'volume_ok': True, 'yearly_roi': {'2022': 0.9513307984790875, '2023': 1.0557312252964428, '2024': 1.0120734908136484}}, {'params': {'rank_limit': 1, 'min_score': -0.18156842320352481, 'min_edge': -inf, 'min_prob': 0.08, 'min_odds': 2.0, 'max_odds': 30.0}, 'bets': 2960.0, 'roi': 0.9388513513513512, 'profit': -180.99999999999997, 'max_dd': 112.00000000000001, 'objective': -183.23999999999998, 'volume_ok': True, 'yearly_roi': {'2022': 0.9236580516898608, '2023': 1.0417391304347827, '2024': 1.0043055555555556}}, {'params': {'rank_limit': 1, 'min_score': -inf, 'min_edge': -inf, 'min_prob': 0.08, 'min_odds': 2.0, 'max_odds': 50.0}, 'bets': 3115.0, 'roi': 0.9417977528089887, 'profit': -181.3, 'max_dd': 121.90000000000002, 'objective': -183.738, 'volume_ok': True, 'yearly_roi': {'2022': 0.9513307984790875, '2023': 1.0557312252964428, '2024': 1.0120734908136484}}, {'params': {'rank_limit': 1, 'min_score': -0.18156842320352481, 'min_edge': -inf, 'min_prob': 0.08, 'min_odds': 2.0, 'max_odds': 50.0}, 'bets': 2961.0, 'roi': 0.9385342789598107, 'profit': -181.99999999999997, 'max_dd': 112.00000000000001, 'objective': -184.23999999999998, 'volume_ok': True, 'yearly_roi': {'2022': 0.9236580516898608, '2023': 1.0417391304347827, '2024': 1.0043055555555556}}, {'params': {'rank_limit': 1, 'min_score': -0.20227246005803945, 'min_edge': -inf, 'min_prob': 0.08, 'min_odds': 2.0, 'max_odds': 30.0}, 'bets': 3069.0, 'roi': 0.9375366568914955, 'profit': -191.7, 'max_dd': 120.20000000000002, 'objective': -194.10399999999998, 'volume_ok': True, 'yearly_roi': {'2022': 0.9388781431334622, '2023': 1.037037037037037, '2024': 1.0048877146631439}}, {'params': {'rank_limit': 1, 'min_score': -inf, 'min_edge': -inf, 'min_prob': 0.08, 'min_odds': 1.0, 'max_odds': inf}, 'bets': 3161.0, 'roi': 0.939259727934198, 'profit': -192.0, 'max_dd': 121.00000000000001, 'objective': -194.42, 'volume_ok': True, 'yearly_roi': {'2022': 0.9558490566037736, '2023': 1.0515748031496064, '2024': 0.9987228607918263}}, {'params': {'rank_limit': 1, 'min_score': -inf, 'min_edge': -inf, 'min_prob': 0.08, 'min_odds': 1.0, 'max_odds': 100.0}, 'bets': 3161.0, 'roi': 0.939259727934198, 'profit': -192.0, 'max_dd': 121.00000000000001, 'objective': -194.42, 'volume_ok': True, 'yearly_roi': {'2022': 0.9558490566037736, '2023': 1.0515748031496064, '2024': 0.9987228607918263}}, {'params': {'rank_limit': 1, 'min_score': -0.20227246005803945, 'min_edge': -inf, 'min_prob': 0.08, 'min_odds': 2.0, 'max_odds': 50.0}, 'bets': 3070.0, 'roi': 0.9372312703583061, 'profit': -192.7, 'max_dd': 121.20000000000002, 'objective': -195.124, 'volume_ok': True, 'yearly_roi': {'2022': 0.9388781431334622, '2023': 1.037037037037037, '2024': 1.0048877146631439}}, {'params': {'rank_limit': 1, 'min_score': -0.18156842320352481, 'min_edge': -inf, 'min_prob': 0.08, 'min_odds': 1.0, 'max_odds': inf}, 'bets': 3005.0, 'roi': 0.9357071547420965, 'profit': -193.19999999999996, 'max_dd': 111.50000000000001, 'objective': -195.42999999999995, 'volume_ok': True, 'yearly_roi': {'2022': 0.9285996055226825, '2023': 1.0372294372294373, '2024': 0.9902702702702703}}, {'params': {'rank_limit': 1, 'min_score': -0.18156842320352481, 'min_edge': -inf, 'min_prob': 0.08, 'min_odds': 1.0, 'max_odds': 100.0}, 'bets': 3005.0, 'roi': 0.9357071547420965, 'profit': -193.19999999999996, 'max_dd': 111.50000000000001, 'objective': -195.42999999999995, 'volume_ok': True, 'yearly_roi': {'2022': 0.9285996055226825, '2023': 1.0372294372294373, '2024': 0.9902702702702703}}]}
12:30:49 [INFO] [TIMING] turf/win_profit_selector_train: 5.381s
12:30:49 [INFO] Trained turf submodel (sequential)
12:35:39 [INFO] [TIMING] dirt/horse_history: 290.087s
12:35:40 [INFO] [TIMING] dirt/add_race_transforms: 0.262s
12:36:40 [INFO] [TIMING] dirt/pace_aptitude: 60.020s
12:37:42 [INFO] [TIMING] dirt/course_features: 62.696s
12:37:56 [INFO] [TIMING] dirt/sire_features: 14.002s
12:52:49 [INFO] [TIMING] dirt/dam_pedigree: 892.369s
12:52:49 [INFO] [TIMING] dirt/record_features: 0.099s
12:52:49 [INFO] [TIMING] dirt/interaction: 0.311s
12:52:49 [INFO] [TIMING] dirt/mining_features: 0.146s
12:52:50 [INFO] [TIMING] dirt/relative_features: 0.218s
12:52:55 [INFO] [TIMING] dirt/market_model: 5.253s
12:52:57 [INFO] SubModel 'dirt' 学習完了: 24132 samples
12:53:00 [INFO] SubModel 'dirt' 学習完了: 47638 samples
12:53:05 [INFO] SubModel 'dirt' 学習完了: 71157 samples
12:53:08 [INFO] SubModel 'dirt' 学習完了: 94799 samples
12:53:08 [INFO] [TIMING] dirt/ability_oof: 13.027s
12:53:08 [INFO] [TIMING] dirt/target_encoding: 0.165s
12:53:08 [INFO] Skipping PlaceAbilityModel for dirt (betting_target=win)
12:55:49 [INFO] XGB correlation penalty applied: mean_corr=0.9790 > threshold=0.8500
13:02:13 [INFO] CAT correlation penalty applied: mean_corr=0.9739 > threshold=0.8500
13:03:03 [INFO] Orthogonalized CAT stack feature: max_corr=0.9581 >= threshold=0.9500
13:03:31 [INFO] OOF prediction correlation LGB-XGB: 0.9331
13:03:31 [INFO] OOF prediction correlation LGB-CAT: 0.5983
13:03:31 [INFO] OOF prediction correlation XGB-CAT: 0.6063
13:03:31 [INFO] Feature importance rank correlation LGB-XGB: 0.5934
13:03:31 [INFO] Feature importance rank correlation LGB-CAT: 0.8413
13:03:31 [WARNING] High importance correlation LGB-CAT: 0.8413 > 0.8 — models rely on similar features
13:03:31 [INFO] Feature importance rank correlation XGB-CAT: 0.5898
13:03:31 [INFO] [TIMING] dirt/win_hit_ensemble: 621.981s
13:03:31 [INFO] [TIMING] dirt/win_return: 0.375s
13:03:32 [INFO] [TIMING] dirt/win_predict: 0.671s
13:03:33 [INFO] [TIMING] dirt/jockey_ctx: 0.861s
13:03:33 [INFO] [TIMING] dirt/trainer_ctx: 0.837s
13:03:46 [INFO] [TIMING] dirt/jt_combo: 12.436s
13:03:47 [INFO] [TIMING] dirt/ev_correction: 1.505s
13:03:58 [INFO] [TIMING] dirt/ev_isotonic_oof: 10.655s
13:03:58 [INFO] [TIMING] dirt/ev_isotonic_fit: 0.012s
13:03:59 [INFO] EV Isotonic fitted for dirt: 58750 OOF samples, band_scales={'1.0-3.0': 1.1940189368105982, '3.0-10.0': 1.0525179985319253, '10.0-30.0': 1.096087034596272, '30.0+': 0.9008651446310065}
13:03:59 [INFO] Skipping place model training for dirt (betting_target=win)
13:04:09 [INFO] Win OOF: 58750 valid / 70667 total samples
13:04:09 [INFO] [TIMING] dirt/win_oof: 10.549s
13:04:14 [INFO] [TIMING] dirt/market_aware_calibrator: 4.225s
13:04:14 [INFO] MarketAwareWinCalibrator trained for dirt: is_trained=True best_c=0.03 summary={'best_c': 0.03, 'n_samples': 58750, 'n_features': 51, 'n_positive': 4190, 'beta_market_contribution': 0.8392471780354869, 'deployment_status': 'deployable', 'trained': True}
13:04:25 [INFO] [TIMING] dirt/race_level_ranker: 11.799s
13:04:25 [INFO] RaceLevelRanker trained for dirt: is_trained=False summary={'relevance_best_alpha_dirt': 0.1, 'value_best_alpha_dirt': 10.0, 'dirt_diagnostics': {'top1_win_rate': 0.3254480286738351, 'ndcg_at_3': 0.5574583566449547, 'rank_of_actual_winner': 3.3785202863961814, 'top3_contains_winner': 0.6492234169653525}, 'deployment_status': 'shadow_only', 'component_names': ['relevance_score', 'value_score', 'relevance_score_pct', 'value_score_pct', 'calibrated_log_ev_pct', 'uncertainty_penalty_pct', 'investment_score'], 'trained': True, 'n_samples': 58750}
13:04:29 [INFO] CQR calibrated: Q_90=0.0827, Q_80=0.0755, residual_floor_90=0.0827, residual_floor_80=0.0755, n_calib=14134
13:04:29 [INFO] Conformal EV fitted for dirt: Q_90=0.0827, Q_80=0.0755
13:04:29 [INFO] [TIMING] dirt/conformal_ev: 3.571s
13:04:40 [INFO] [TIMING] dirt/win_selection_oof: 10.685s
13:04:40 [INFO] Drift diagnostics saved to data\backtest\drift_diagnostics_dirt.json
13:04:40 [INFO] === Drift Diagnostics Summary (surface=dirt) ===
13:04:40 [INFO]   p_win_pred: mean=0.1581 std=0.1634 q50=0.0861 n=58750
13:04:40 [INFO]   ev_win: mean=2.0101 std=0.7946 q50=1.8836 n=58750
13:04:40 [INFO]   p_win_corrected: mean=0.0712 std=0.0739 q50=0.0392 n=58750
13:04:40 [INFO]   ev_win_corrected: mean=0.9110 std=0.4255 q50=0.8114 n=58750
13:04:40 [INFO]   win_selection_prob: mean=0.0712 std=0.0739 q50=0.0392 n=58750
13:04:40 [INFO]   win_selection_edge: mean=-0.0890 std=0.4255 q50=-0.1886 n=58750
13:04:40 [INFO]   win_selection_ev: mean=0.9110 std=0.4255 q50=0.8114 n=58750
13:04:40 [INFO]   Surface dirt: OK (7 columns)
13:04:40 [INFO]   Year 2022: OK (7 columns)
13:04:40 [INFO]   Year 2023: OK (7 columns)
13:04:40 [INFO]   Year 2024: OK (7 columns)
13:04:40 [INFO] No significant drift detected.
13:04:40 [INFO] [TIMING] dirt/drift_diagnostics: 0.218s
13:04:41 [INFO] EV diagnostics written to data\backtest\ev_diagnostics_dirt.json
13:04:41 [INFO] === EV Diagnostics (dirt) ===
13:04:41 [INFO]   Samples: 58750 / 58750
13:04:41 [INFO]   Correlation: r=-0.0025 (p=0.5502)
13:04:41 [INFO]   RMSE: 6.0842
13:04:41 [INFO]   EV Bias: +0.1867 (predicted 0.9110 vs actual 0.7243)
13:04:41 [INFO]   ECE: 0.0127
13:04:41 [INFO]   Brier: 0.0582 (reliability=0.0005, resolution=0.0079, uncertainty=0.0662)
13:04:41 [INFO]   Temporal drift (3 years):
13:04:41 [INFO]     2022: n=11765, bias=+0.0883, corr=0.002
13:04:41 [INFO]     2023: n=23510, bias=+0.3613, corr=-0.011
13:04:41 [INFO]     2024: n=23475, bias=+0.0611, corr=0.013
13:04:41 [INFO] [TIMING] dirt/ev_diagnostics: 0.577s
13:05:58 [INFO] [TIMING] dirt/win_selection_gate_train: 77.279s
13:06:11 [INFO] Win selection OOF guard passed for dirt: {'context': 'dirt/win_selection_train', 'n_races': 4185, 'top1_hit_rate': 0.03966547192353644, 'top1_roi': 0.006366069295101553}
13:06:11 [INFO] WinSelectionPolicy trained for dirt: late_odds_drop_weight=0.0600 summary={'selected_weight': 0.06, 'selected_ev_tail_penalty_weight': 0.0, 'default_weight': 0.06, 'default_ev_tail_penalty_weight': 0.0, 'ev_tail_threshold': 1.2, 'market_risk_penalty_weight': 0.0, 'default_log_odds_penalty': 0.05, 'default_prob_rank_bonus': 0.02, 'min_policy_deploy_roi_all': 0.85, 'min_tail_shrinkage_mean_roi_improvement': 0.005, 'min_tail_shrinkage_year_roi': 0.8, 'default_roi_mean_by_year': 0.51606158250625, 'selected_roi_mean_by_year': 0.51606158250625, 'selected_roi_min_by_year': 0.003723365617433414, 'selected_roi_all': 0.006366069295101553, 'selected_mean_delta_vs_default': 0.0, 'selected_min_year_delta_vs_default': 0.0, 'candidate_best_weight': 0.0, 'candidate_best_ev_tail_penalty_weight': 1.0, 'candidate_best_mean_delta_vs_default': 0.2630482258343446, 'candidate_best_min_year_delta_vs_default': -0.16537544696066742, 'roi_floor_met': False, 'stable_tail_shrinkage_met': False, 'deployable': False, 'fallback_reason': 'use_default_policy_until_oof_roi_floor_is_met', 'n_years': 3, 'candidates': [{'weight': 0.0, 'ev_tail_penalty_weight': 1.0, 'roi_all': 0.789820788530466, 'roi_mean_by_year': 0.7791098083405946, 'roi_min_by_year': 0.7199046483909416, 'roi_std_by_year': 0.08300076329075805, 'n_years': 3, 'year_rois': {'2022': 0.7209356725146199, '2023': 0.8964891041162227, '2024': 0.7199046483909416}, 'objective': 0.8286501586860751, 'mean_delta_vs_default': 0.2630482258343446, 'min_year_delta_vs_default': -0.16537544696066742, 'year_delta_vs_default': {'2022': 0.06175438596491234, '2023': 0.8927657384987894, '2024': -0.16537544696066742}, 'candidate_changed': True, 'changes_late_weight': True, 'uses_tail_shrinkage': True, 'roi_floor_met': False, 'stable_tail_shrinkage_met': False, 'deployable_candidate': False}, {'weight': 0.03, 'ev_tail_penalty_weight': 1.0, 'roi_all': 0.7824611708482676, 'roi_mean_by_year': 0.7599792451360202, 'roi_min_by_year': 0.6416374269005848, 'roi_std_by_year': 0.10045937312298377, 'n_years': 3, 'year_rois': {'2022': 0.6416374269005848, '2023': 0.8872276029055689, '2024': 0.751072705601907}, 'objective': 0.7984740818576311, 'mean_delta_vs_default': 0.24391766262977022, 'min_year_delta_vs_default': -0.13420738974970203, 'year_delta_vs_default': {'2022': -0.01754385964912275, '2023': 0.8835042372881355, '2024': -0.13420738974970203}, 'candidate_changed': True, 'changes_late_weight': True, 'uses_tail_shrinkage': True, 'roi_floor_met': False, 'stable_tail_shrinkage_met': False, 'deployable_candidate': False}, {'weight': 0.12, 'ev_tail_penalty_weight': 0.3, 'roi_all': 0.007025806451612904, 'roi_mean_by_year': 0.6031236503181168, 'roi_min_by_year': 0.0034079903147699758, 'roi_std_by_year': 0.4333709943504794, 'n_years': 3, 'year_rois': {'2022': 0.7935672514619883, '2023': 0.0034079903147699758, '2024': 1.0123957091775921}, 'objective': 0.5330588001970219, 'mean_delta_vs_default': 0.08706206781186676, 'min_year_delta_vs_default': -0.00031537530266343827, 'year_delta_vs_default': {'2022': 0.13438596491228072, '2023': -0.00031537530266343827, '2024': 0.12711561382598313}, 'candidate_changed': True, 'changes_late_weight': True, 'uses_tail_shrinkage': True, 'roi_floor_met': False, 'stable_tail_shrinkage_met': False, 'deployable_candidate': False}, {'weight': 0.12, 'ev_tail_penalty_weight': 0.15, 'roi_all': 0.007023655913978495, 'roi_mean_by_year': 0.6012048153549309, 'roi_min_by_year': 0.0034079903147699758, 'roi_std_by_year': 0.4333987847610451, 'n_years': 3, 'year_rois': {'2022': 0.7829239766081872, '2023': 0.0034079903147699758, '2024': 1.0172824791418353}, 'objective': 0.5326357966722511, 'mean_delta_vs_default': 0.08514323284868086, 'min_year_delta_vs_default': -0.00031537530266343827, 'year_delta_vs_default': {'2022': 0.12374269005847971, '2023': -0.00031537530266343827, '2024': 0.13200238379022633}, 'candidate_changed': True, 'changes_late_weight': True, 'uses_tail_shrinkage': True, 'roi_floor_met': False, 'stable_tail_shrinkage_met': False, 'deployable_candidate': False}, {'weight': 0.12, 'ev_tail_penalty_weight': 0.0, 'roi_all': 0.007004301075268817, 'roi_mean_by_year': 0.5980469206180886, 'roi_min_by_year': 0.0034079903147699758, 'roi_std_by_year': 0.4320957663121435, 'n_years': 3, 'year_rois': {'2022': 0.7734502923976607, '2023': 0.0034079903147699758, '2024': 1.0172824791418353}, 'objective': 0.5311733547027442, 'mean_delta_vs_default': 0.08198533811183861, 'min_year_delta_vs_default': -0.00031537530266343827, 'year_delta_vs_default': {'2022': 0.11426900584795319, '2023': -0.00031537530266343827, '2024': 0.13200238379022633}, 'candidate_changed': True, 'changes_late_weight': True, 'uses_tail_shrinkage': False, 'roi_floor_met': False, 'stable_tail_shrinkage_met': False, 'deployable_candidate': False}, {'weight': 0.1, 'ev_tail_penalty_weight': 0.3, 'roi_all': 0.0069565113500597376, 'roi_mean_by_year': 0.5892143269711981, 'roi_min_by_year': 0.0034751815980629537, 'roi_std_by_year': 0.42657139218452206, 'n_years': 3, 'year_rois': {'2022': 0.7570760233918128, '2023': 0.0034751815980629537, '2024': 1.0070917759237188}, 'objective': 0.5205761363033261, 'mean_delta_vs_default': 0.07315274446494813, 'min_year_delta_vs_default': -0.00024818401937046035, 'year_delta_vs_default': {'2022': 0.09789473684210526, '2023': -0.00024818401937046035, '2024': 0.12181168057210978}, 'candidate_changed': True, 'changes_late_weight': True, 'uses_tail_shrinkage': True, 'roi_floor_met': False, 'stable_tail_shrinkage_met': False, 'deployable_candidate': False}, {'weight': 0.1, 'ev_tail_penalty_weight': 0.15, 'roi_all': 0.00693715651135006, 'roi_mean_by_year': 0.5860564322343561, 'roi_min_by_year': 0.0034751815980629537, 'roi_std_by_year': 0.4253503474705189, 'n_years': 3, 'year_rois': {'2022': 0.7476023391812866, '2023': 0.0034751815980629537, '2024': 1.0070917759237188}, 'objective': 0.5191013982735846, 'mean_delta_vs_default': 0.0699948497281061, 'min_year_delta_vs_default': -0.00024818401937046035, 'year_delta_vs_default': {'2022': 0.08842105263157907, '2023': -0.00024818401937046035, '2024': 0.12181168057210978}, 'candidate_changed': True, 'changes_late_weight': True, 'uses_tail_shrinkage': True, 'roi_floor_met': False, 'stable_tail_shrinkage_met': False, 'deployable_candidate': False}, {'weight': 0.0, 'ev_tail_penalty_weight': 0.3, 'roi_all': 0.007114934289127839, 'roi_mean_by_year': 0.5644359289319213, 'roi_min_by_year': 0.004706416464891041, 'roi_std_by_year': 0.4004617632219313, 'n_years': 3, 'year_rois': {'2022': 0.7695906432748538, '2023': 0.004706416464891041, '2024': 0.919010727056019}, 'objective': 0.5018373060951208, 'mean_delta_vs_default': 0.04837434642567129, 'min_year_delta_vs_default': 0.0009830508474576271, 'year_delta_vs_default': {'2022': 0.11040935672514629, '2023': 0.0009830508474576271, '2024': 0.03373063170441004}, 'candidate_changed': True, 'changes_late_weight': True, 'uses_tail_shrinkage': True, 'roi_floor_met': False, 'stable_tail_shrinkage_met': False, 'deployable_candidate': False}, {'weight': 0.0, 'ev_tail_penalty_weight': 0.0, 'roi_all': 0.006359378733572283, 'roi_mean_by_year': 0.5595160629045571, 'roi_min_by_year': 0.002897699757869249, 'roi_std_by_year': 0.39813726463492427, 'n_years': 3, 'year_rois': {'2022': 0.764327485380117, '2023': 0.002897699757869249, '2024': 0.9113230035756854}, 'objective': 0.5000852431851054, 'mean_delta_vs_default': 0.04345448039830713, 'min_year_delta_vs_default': -0.0008256658595641652, 'year_delta_vs_default': {'2022': 0.10514619883040943, '2023': -0.0008256658595641652, '2024': 0.0260429082240764}, 'candidate_changed': True, 'changes_late_weight': True, 'uses_tail_shrinkage': False, 'roi_floor_met': False, 'stable_tail_shrinkage_met': False, 'deployable_candidate': False}, {'weight': 0.0, 'ev_tail_penalty_weight': 0.15, 'roi_all': 0.006659976105137396, 'roi_mean_by_year': 0.5609693483600698, 'roi_min_by_year': 0.00362227602905569, 'roi_std_by_year': 0.3988727688753265, 'n_years': 3, 'year_rois': {'2022': 0.764327485380117, '2023': 0.00362227602905569, '2024': 0.914958283671037}, 'objective': 0.5000006606316766, 'mean_delta_vs_default': 0.04490776585381984, 'min_year_delta_vs_default': -0.0001010895883777241, 'year_delta_vs_default': {'2022': 0.10514619883040943, '2023': -0.0001010895883777241, '2024': 0.029678188319428034}, 'candidate_changed': True, 'changes_late_weight': True, 'uses_tail_shrinkage': True, 'roi_floor_met': False, 'stable_tail_shrinkage_met': False, 'deployable_candidate': False}]}
13:06:11 [INFO] [TIMING] dirt/win_selection_policy_train: 13.392s
13:06:18 [INFO] WinProfitSelector trained for dirt: trained=False summary={'reason': 'no_deployable_profit_policy', 'selected_params': {'rank_limit': 3, 'min_score': -0.25027794616118265, 'min_edge': -inf, 'min_prob': 0.08, 'min_odds': 2.0, 'max_odds': 30.0}, 'eval_bets': 3331.0, 'eval_roi': 0.8598619033323326, 'eval_profit': -466.79999999999995, 'eval_yearly_roi': {'2022': 0.8924754634678299, '2023': 1.2631284916201118, '2024': 0.8235883424408014}, 'min_eval_bets': 2988.0, 'min_yearly_roi': 0.85, 'n_eval_races': 3984, 'n_train_races': 4185, 'candidates': [{'params': {'rank_limit': 3, 'min_score': -0.25027794616118265, 'min_edge': -inf, 'min_prob': 0.08, 'min_odds': 2.0, 'max_odds': 30.0}, 'bets': 3331.0, 'roi': 0.8598619033323326, 'profit': -466.79999999999995, 'max_dd': 218.99999999999997, 'objective': -471.17999999999995, 'volume_ok': True, 'yearly_roi': {'2022': 0.8924754634678299, '2023': 1.2631284916201118, '2024': 0.8235883424408014}}, {'params': {'rank_limit': 3, 'min_score': -0.25027794616118265, 'min_edge': -inf, 'min_prob': 0.08, 'min_odds': 5.0, 'max_odds': 50.0}, 'bets': 3074.0, 'roi': 0.8440793754066362, 'profit': -479.30000000000007, 'max_dd': 229.89999999999998, 'objective': -483.8980000000001, 'volume_ok': True, 'yearly_roi': {'2022': 0.8702127659574468, '2023': 1.2674418604651163, '2024': 0.798825831702544}}, {'params': {'rank_limit': 3, 'min_score': -0.25027794616118265, 'min_edge': -inf, 'min_prob': 0.08, 'min_odds': 2.0, 'max_odds': 50.0}, 'bets': 3348.0, 'roi': 0.8554958183990442, 'profit': -483.80000000000007, 'max_dd': 223.99999999999997, 'objective': -488.2800000000001, 'volume_ok': True, 'yearly_roi': {'2022': 0.888599348534202, '2023': 1.249171270718232, '2024': 0.8198549410698096}}, {'params': {'rank_limit': 3, 'min_score': -0.25027794616118265, 'min_edge': -inf, 'min_prob': 0.08, 'min_odds': 1.0, 'max_odds': inf}, 'bets': 3351.0, 'roi': 0.8551477170993734, 'profit': -485.4000000000001, 'max_dd': 223.99999999999997, 'objective': -489.8800000000001, 'volume_ok': True, 'yearly_roi': {'2022': 0.8881906825568797, '2023': 1.249171270718232, '2024': 0.8198549410698096}}, {'params': {'rank_limit': 3, 'min_score': -0.25027794616118265, 'min_edge': -inf, 'min_prob': 0.08, 'min_odds': 1.0, 'max_odds': 100.0}, 'bets': 3351.0, 'roi': 0.8551477170993734, 'profit': -485.4000000000001, 'max_dd': 223.99999999999997, 'objective': -489.8800000000001, 'volume_ok': True, 'yearly_roi': {'2022': 0.8881906825568797, '2023': 1.249171270718232, '2024': 0.8198549410698096}}, {'params': {'rank_limit': 2, 'min_score': -0.1711305226295915, 'min_edge': -0.1, 'min_prob': 0.0, 'min_odds': 2.0, 'max_odds': 30.0}, 'bets': 3149.0, 'roi': 0.8462686567164178, 'profit': -484.1, 'max_dd': 301.70000000000005, 'objective': -490.134, 'volume_ok': True, 'yearly_roi': {'2022': 0.8560099132589838, '2023': 1.1614906832298137, '2024': 0.9047957371225577}}, {'params': {'rank_limit': 2, 'min_score': -0.1711305226295915, 'min_edge': -0.1, 'min_prob': 0.01, 'min_odds': 2.0, 'max_odds': 30.0}, 'bets': 3149.0, 'roi': 0.8462686567164178, 'profit': -484.1, 'max_dd': 301.70000000000005, 'objective': -490.134, 'volume_ok': True, 'yearly_roi': {'2022': 0.8560099132589838, '2023': 1.1614906832298137, '2024': 0.9047957371225577}}, {'params': {'rank_limit': 2, 'min_score': -0.1711305226295915, 'min_edge': -0.1, 'min_prob': 0.02, 'min_odds': 2.0, 'max_odds': 30.0}, 'bets': 3149.0, 'roi': 0.8462686567164178, 'profit': -484.1, 'max_dd': 301.70000000000005, 'objective': -490.134, 'volume_ok': True, 'yearly_roi': {'2022': 0.8560099132589838, '2023': 1.1614906832298137, '2024': 0.9047957371225577}}, {'params': {'rank_limit': 2, 'min_score': -0.1711305226295915, 'min_edge': -inf, 'min_prob': 0.0, 'min_odds': 2.0, 'max_odds': 30.0}, 'bets': 3213.0, 'roi': 0.8470588235294118, 'profit': -491.40000000000003, 'max_dd': 307.90000000000003, 'objective': -497.55800000000005, 'volume_ok': True, 'yearly_roi': {'2022': 0.8434676434676434, '2023': 1.1618181818181816, '2024': 0.9162608695652172}}, {'params': {'rank_limit': 2, 'min_score': -0.1711305226295915, 'min_edge': -inf, 'min_prob': 0.01, 'min_odds': 2.0, 'max_odds': 30.0}, 'bets': 3213.0, 'roi': 0.8470588235294118, 'profit': -491.40000000000003, 'max_dd': 307.90000000000003, 'objective': -497.55800000000005, 'volume_ok': True, 'yearly_roi': {'2022': 0.8434676434676434, '2023': 1.1618181818181816, '2024': 0.9162608695652172}}]}
13:06:18 [INFO] [TIMING] dirt/win_profit_selector_train: 6.548s
13:06:18 [INFO] Trained dirt submodel (sequential)
13:06:20 [INFO] Saved full feature set: 136859 rows, 370 cols -> data/features/horse_features.parquet
13:06:22 [INFO] Saved OOF predictions: 136859 rows -> data\oof\oof_predictions.parquet (validated, manifest=data\oof\manifests\oof_predictions.health.json)
13:06:22 [INFO] Win selection OOF guard passed: {'context': 'combined_win_selection_oof_save', 'n_races': 8320, 'top1_hit_rate': 0.0875, 'top1_roi': 0.7529687500000001}
13:06:22 [INFO] Saved win selection OOF predictions: 113938 rows, 41 cols -> data\oof\win_selection_oof.parquet
13:06:29 [INFO] [TIMING] race_level_features: 6.026s
13:06:30 [INFO] [TIMING] quality_screener: 0.199s
13:06:30 [INFO] Trained RaceQualityScreener
13:06:30 [INFO] [TIMING] regime_detector: 0.232s
13:06:30 [INFO] Trained RegimeDetector
13:06:35 [INFO] Saved ConformalEVModel for turf to data\models-backtest\2025
13:06:35 [INFO] Saved ConformalEVModel for dirt to data\models-backtest\2025
13:06:35 [INFO] CQR params SHA256 for turf: 1470f750b8f412c7
13:06:35 [INFO] CQR params SHA256 for dirt: cc3775c3361bd2fe
13:06:35 [INFO] Models saved to data\models-backtest\2025
13:06:35 [INFO] キャリブレーションBT: スキップ (--calibration-bt 未指定)
13:08:01 [INFO] Loaded win payout map: 3455 entries
13:08:01 [INFO] Feature cache MISS: feat_fa3903434b1df9d9 (computing...)
13:08:02 [INFO] [TIMING] build_all/intra_race: 0.066s
13:08:24 [INFO] [TIMING] build_all/odds_dynamics: 22.425s
13:08:24 [INFO] [TIMING] build_all/market_bias: 0.127s
13:08:25 [INFO] [TIMING] build_all/flb_slope: 1.110s
13:08:26 [INFO] [TIMING] build_all/difficulty: 0.057s
13:08:26 [INFO] [TIMING] build_all/race_level: 0.195s
13:08:34 [INFO] [TIMING] build_all/market_cross: 7.829s
13:08:37 [INFO] [TIMING] build_all/bloodline: 3.809s
13:08:37 [INFO] SAFE-01: dropping 48 POST_RACE cols from build_all() output: ['nyusentosu', 'laptime1', 'laptime2', 'laptime3', 'laptime4', 'laptime5', 'laptime6', 'laptime7', 'laptime8', 'laptime9', 'laptime10', 'laptime11', 'laptime12', 'laptime13', 'laptime14', 'laptime15', 'laptime16', 'laptime17', 'laptime18', 'laptime19', 'laptime20', 'laptime21', 'laptime22', 'laptime23', 'laptime24', 'laptime25', 'harontimes3', 'harontimes4', 'harontimel3', 'harontimel4', 'recordupkubun', 'ijyocd', 'nyusenjyuni', 'dochakukubun', 'dochakutosu', 'time', 'chakusacd', 'jyuni1c', 'jyuni2c', 'jyuni3c', 'jyuni4c', 'ninki', 'honsyokin', 'fukasyokin', 'timediff', 'dmtime', 'dmjyuni', 'kyakusitukubun']
13:08:37 [INFO] 古いキャッシュファイル 1件を削除 (retention=8)
13:08:38 [INFO] Feature cache SAVED: feat_fa3903434b1df9d9 (46160 rows)
13:08:38 [INFO] Skipping wide odds pivot for betting_target=win
13:08:38 [INFO] Pre-computing HorseHistoryFeatures for 3335 races...
13:12:06 [INFO] Pre-computing JockeyContextFeatures for 46499 entries...
13:12:07 [INFO] Pre-computing TrainerContextFeatures for 46499 entries...
13:12:07 [INFO] Pre-computing JockeyTrainerComboFeatures for 46499 entries...
13:12:16 [INFO] Computing SireFeatures for backtest inference...
13:12:29 [INFO] Pre-computing PaceAptitudeFeatures...
13:12:53 [INFO] Pre-computing CourseFeatures...
13:20:10 [INFO] Merged hist features into feat_df: 67 columns
13:20:10 [INFO] [features] 3335 groups, 46160 rows, 180.2 MB
13:20:10 [INFO] [jockey] 3336 groups, 46499 rows, 5.0 MB
13:20:11 [INFO] [trainer] 3336 groups, 46499 rows, 5.0 MB
13:20:11 [INFO] [jockey_trainer] 3336 groups, 46499 rows, 5.4 MB
13:34:11 [INFO] Race diagnostics saved: 3335 records -> data\backtest\bt_2025_race_diagnostics.csv
13:34:16 [INFO] Horse diagnostics saved: 46160 records -> data\backtest\bt_2025_horse_diagnostics.csv
13:34:19 [INFO] Feature diagnostics saved: 46160 records -> data\backtest\bt_2025_horse_features.parquet
13:34:19 [INFO] Bet Selection Filters: EV_excluded=0, COLLAPSED_skipped=0
13:34:19 [INFO] Win EV/Odds filter excluded 2627 bets (min_ev=1.03, min_odds=3.0)
13:34:19 [WARNING] Bet count guard WARNING: 708 bets/year (below 1000 threshold). Ultra-selective betting produces unreliable ROI estimates. Total bets: 708, Period: 1.0 years.
13:34:19 [INFO] Validation report saved: data\validation\validation_report.json
13:34:21 [INFO] Parquet保存: C:\Users\hirom\develop\keiba-ai\data\backtest\predictions\2025.parquet (46160 rows)

==================================================
  2025年 (学習: 2021-2024)
==================================================
  学習完了 (4490秒)
  テスト完了 (1666秒)
  ベット数:      708 | 投資額: ¥    70,800 | 払戻: ¥    67,060
  ROI:    94.7% | 利益: ¥    -3,740 | 最大DD:  11.6%

==================================================
  全体サマリー
==================================================
  総ベット数:         708
  総投資額:  ¥      70,800
  総払戻額:  ¥      67,060
  総利益:    ¥      -3,740
  合計 ROI:        94.7%
  最良年度:  2025 (94.7%)
  最悪年度:  2025 (94.7%)

  JSON保存: C:\Users\hirom\develop\keiba-ai\data\backtest\multi_year_result.json
  レポート生成: C:\Users\hirom\develop\keiba-ai\data\backtest\multi_year_report.html
  bet_history保存: C:\Users\hirom\develop\keiba-ai\data\backtest\multi_year_bet_history.json
  検証レポート: C:\Users\hirom\develop\keiba-ai\data\validation\multi_year_validation_report.json
