23:50:53 [INFO] ParquetStore OK
23:51:00 [INFO] Loading data: 2021-01-01 ~ 2024-12-31
23:53:24 [INFO] Using pre-post odds (5min before): 184177 rows
23:53:24 [INFO] Building features
23:53:25 [INFO] Feature cache MISS: feat_ae959d08146e8935 (computing...)
23:53:28 [INFO] [TIMING] build_all/intra_race: 0.259s
23:54:52 [INFO] [TIMING] build_all/odds_dynamics: 83.554s
23:54:52 [INFO] [TIMING] build_all/market_bias: 0.637s
23:54:56 [INFO] [TIMING] build_all/flb_slope: 3.484s
23:54:56 [INFO] [TIMING] build_all/difficulty: 0.218s
23:54:57 [INFO] [TIMING] build_all/race_level: 0.777s
23:55:36 [INFO] [TIMING] build_all/market_cross: 38.575s
23:55:38 [INFO] [TIMING] build_all/bloodline: 2.062s
23:55:38 [INFO] [TIMING] build_all/track_conditions: 0.174s
23:55:38 [INFO] [TIMING] build_all/horse_track_aptitude: 0.008s
23:55:38 [INFO] SAFE-01: dropping 48 POST_RACE cols from build_all() output: ['nyusentosu', 'laptime1', 'laptime2', 'laptime3', 'laptime4', 'laptime5', 'laptime6', 'laptime7', 'laptime8', 'laptime9', 'laptime10', 'laptime11', 'laptime12', 'laptime13', 'laptime14', 'laptime15', 'laptime16', 'laptime17', 'laptime18', 'laptime19', 'laptime20', 'laptime21', 'laptime22', 'laptime23', 'laptime24', 'laptime25', 'harontimes3', 'harontimes4', 'harontimel3', 'harontimel4', 'recordupkubun', 'ijyocd', 'nyusenjyuni', 'dochakukubun', 'dochakutosu', 'time', 'chakusacd', 'jyuni1c', 'jyuni2c', 'jyuni3c', 'jyuni4c', 'ninki', 'honsyokin', 'fukasyokin', 'timediff', 'dmtime', 'dmjyuni', 'kyakusitukubun']
23:55:38 [INFO] 古いキャッシュファイル 1件を削除 (retention=8)
23:55:39 [INFO] Feature cache SAVED: feat_ae959d08146e8935 (182904 rows)
23:55:39 [INFO] Skipping wide odds pivot for betting_target=win
23:59:48 [INFO] [TIMING] turf/horse_history: 248.627s
23:59:48 [INFO] [TIMING] turf/add_race_transforms: 0.237s
00:00:38 [INFO] [TIMING] turf/pace_aptitude: 50.362s
00:01:30 [INFO] [TIMING] turf/course_features: 51.106s
00:01:42 [INFO] [TIMING] turf/sire_features: 12.861s
00:01:43 [INFO] [TIMING] turf/dam_pedigree: 0.193s
00:01:43 [INFO] [TIMING] turf/record_features: 0.097s
00:01:43 [INFO] [TIMING] turf/track_condition: 0.453s
00:01:43 [INFO] [TIMING] turf/interaction: 0.298s
00:01:44 [INFO] [TIMING] turf/mining_features: 0.152s
00:01:44 [INFO] [TIMING] turf/relative_features: 0.223s
00:01:49 [INFO] [TIMING] turf/market_model: 4.817s
00:01:51 [INFO] SubModel 'turf' 学習完了: 21913 samples
00:01:54 [INFO] SubModel 'turf' 学習完了: 43570 samples
00:01:59 [INFO] SubModel 'turf' 学習完了: 65967 samples
00:02:01 [INFO] SubModel 'turf' 学習完了: 88105 samples
00:02:01 [INFO] [TIMING] turf/ability_oof: 12.292s
00:02:01 [INFO] [TIMING] turf/target_encoding: 0.151s
00:02:02 [INFO] Skipping PlaceAbilityModel for turf (betting_target=win)
00:03:02 [INFO] XGB correlation penalty applied: mean_corr=0.9659 > threshold=0.8500
00:11:27 [INFO] CAT correlation penalty applied: mean_corr=0.9656 > threshold=0.8500
00:12:17 [INFO] Orthogonalized XGB stack feature: max_corr=0.9506 >= threshold=0.9500
00:12:17 [INFO] Orthogonalized CAT stack feature: max_corr=0.9626 >= threshold=0.9500
00:12:43 [INFO] OOF prediction correlation LGB-XGB: 0.5872
00:12:43 [INFO] OOF prediction correlation LGB-CAT: 0.6079
00:12:43 [INFO] OOF prediction correlation XGB-CAT: 0.4049
00:12:43 [INFO] Feature importance rank correlation LGB-XGB: 0.7576
00:12:43 [INFO] Feature importance rank correlation LGB-CAT: 0.8786
00:12:43 [WARNING] High importance correlation LGB-CAT: 0.8786 > 0.8 — models rely on similar features
00:12:43 [INFO] Feature importance rank correlation XGB-CAT: 0.6966
00:12:43 [INFO] [TIMING] turf/win_hit_ensemble: 641.585s
00:12:44 [INFO] [TIMING] turf/win_return: 0.418s
00:12:44 [INFO] [TIMING] turf/win_predict: 0.601s
00:12:45 [INFO] [TIMING] turf/jockey_ctx: 0.830s
00:12:46 [INFO] [TIMING] turf/trainer_ctx: 0.833s
00:12:57 [INFO] [TIMING] turf/jt_combo: 11.139s
00:12:59 [INFO] [TIMING] turf/ev_correction: 1.635s
00:13:10 [INFO] [TIMING] turf/ev_isotonic_oof: 10.552s
00:13:10 [INFO] [TIMING] turf/ev_isotonic_fit: 0.019s
00:13:10 [INFO] EV Isotonic fitted for turf: 55188 OOF samples, band_scales={'1.0-3.0': 1.1910408047657128, '3.0-10.0': 1.1429713352866917, '10.0-30.0': 1.1472506617304057, '30.0+': 0.8152648493971215}
00:13:10 [INFO] Skipping place model training for turf (betting_target=win)
00:13:21 [INFO] Win OOF: 55188 valid / 66192 total samples
00:13:21 [INFO] [TIMING] turf/win_oof: 10.459s
00:13:25 [INFO] [TIMING] turf/market_aware_calibrator: 3.702s
00:13:25 [INFO] MarketAwareWinCalibrator trained for turf: is_trained=True best_c=0.03 summary={'best_c': 0.03, 'n_samples': 55188, 'n_features': 51, 'n_positive': 4141, 'beta_market_contribution': 0.9428054242221391, 'deployment_status': 'deployable', 'trained': True}
00:13:35 [INFO] [TIMING] turf/race_level_ranker: 10.419s
00:13:35 [INFO] RaceLevelRanker trained for turf: is_trained=True summary={'relevance_best_alpha_turf': 0.1, 'value_best_alpha_turf': 10.0, 'turf_diagnostics': {'top1_win_rate': 0.33155985489721884, 'ndcg_at_3': 0.5622229792994325, 'rank_of_actual_winner': 3.3656121709731948, 'top3_contains_winner': 0.6500604594921403}, 'deployment_status': 'shadow_only', 'component_names': ['relevance_score', 'value_score', 'relevance_score_pct', 'value_score_pct', 'calibrated_log_ev_pct', 'uncertainty_penalty_pct', 'investment_score'], 'trained': True, 'n_samples': 55188}
00:13:38 [INFO] CQR calibrated: Q_90=0.5108, Q_80=0.2060, residual_floor_90=0.0530, residual_floor_80=0.0522, n_calib=13239
00:13:38 [INFO] Conformal EV fitted for turf: Q_90=0.5108, Q_80=0.2060
00:13:38 [INFO] [TIMING] turf/conformal_ev: 3.433s
00:13:49 [INFO] [TIMING] turf/win_selection_oof: 10.753s
00:13:49 [INFO] Drift diagnostics saved to data\backtest\drift_diagnostics_turf.json
00:13:49 [INFO] === Drift Diagnostics Summary (surface=turf) ===
00:13:49 [INFO]   p_win_pred: mean=0.1576 std=0.1471 q50=0.0919 n=55188
00:13:49 [INFO]   ev_win: mean=2.1134 std=1.1817 q50=1.8421 n=55188
00:13:49 [INFO]   p_win_corrected: mean=0.0749 std=0.0730 q50=0.0421 n=55188
00:13:49 [INFO]   ev_win_corrected: mean=0.9718 std=0.5323 q50=0.8419 n=55188
00:13:49 [INFO]   win_selection_prob: mean=0.0749 std=0.0730 q50=0.0421 n=55188
00:13:49 [INFO]   win_selection_edge: mean=-0.0282 std=0.5323 q50=-0.1581 n=55188
00:13:49 [INFO]   win_selection_ev: mean=0.9718 std=0.5323 q50=0.8419 n=55188
00:13:49 [INFO]   Surface turf: OK (7 columns)
00:13:49 [INFO]   Year 2022: OK (7 columns)
00:13:49 [INFO]   Year 2023: OK (7 columns)
00:13:49 [INFO]   Year 2024: OK (7 columns)
00:13:49 [INFO] No significant drift detected.
00:13:49 [INFO] [TIMING] turf/drift_diagnostics: 0.204s
00:13:50 [INFO] EV diagnostics written to data\backtest\ev_diagnostics_turf.json
00:13:50 [INFO] === EV Diagnostics (turf) ===
00:13:50 [INFO]   Samples: 55188 / 55188
00:13:50 [INFO]   Correlation: r=-0.0124 (p=0.0035)
00:13:50 [INFO]   RMSE: 5.3614
00:13:50 [INFO]   EV Bias: +0.2736 (predicted 0.9718 vs actual 0.6982)
00:13:50 [INFO]   ECE: 0.0131
00:13:50 [INFO]   Brier: 0.0614 (reliability=0.0005, resolution=0.0078, uncertainty=0.0694)
00:13:50 [INFO]   Temporal drift (3 years):
00:13:50 [INFO]     2022: n=10833, bias=-0.0014, corr=0.024
00:13:50 [INFO]     2023: n=22393, bias=+0.3458, corr=-0.026
00:13:50 [INFO]     2024: n=21962, bias=+0.3357, corr=-0.010
00:13:50 [INFO] [TIMING] turf/ev_diagnostics: 0.543s
00:14:45 [INFO] [TIMING] turf/win_selection_gate_train: 54.834s
00:14:58 [INFO] Win selection OOF guard passed for turf: {'context': 'turf/win_selection_train', 'n_races': 4135, 'top1_hit_rate': 0.13035066505441353, 'top1_roi': 0.8694558645707375}
00:14:58 [INFO] WinSelectionPolicy trained for turf: late_odds_drop_weight=0.0900 summary={'selected_weight': 0.09, 'selected_ev_tail_penalty_weight': 0.0, 'default_weight': 0.09, 'default_ev_tail_penalty_weight': 0.0, 'ev_tail_threshold': 1.2, 'market_risk_penalty_weight': 0.1, 'default_log_odds_penalty': 0.08, 'default_prob_rank_bonus': 0.01, 'min_policy_deploy_roi_all': 0.85, 'min_tail_shrinkage_mean_roi_improvement': 0.005, 'min_tail_shrinkage_year_roi': 0.8, 'default_roi_mean_by_year': 0.8746644749903044, 'selected_roi_mean_by_year': 0.8746644749903044, 'selected_roi_min_by_year': 0.8469886702444842, 'selected_roi_all': 0.8694558645707375, 'selected_mean_delta_vs_default': 0.0, 'selected_min_year_delta_vs_default': 0.0, 'candidate_best_weight': 0.08, 'candidate_best_ev_tail_penalty_weight': 0.3, 'candidate_best_mean_delta_vs_default': 0.026124334285964168, 'candidate_best_min_year_delta_vs_default': 0.017040630685263958, 'roi_floor_met': True, 'stable_tail_shrinkage_met': False, 'deployable': False, 'fallback_reason': 'use_default_policy_until_candidate_beats_default_in_every_year', 'n_years': 3, 'candidates': [{'weight': 0.08, 'ev_tail_penalty_weight': 0.3, 'roi_all': 0.8966626360338573, 'roi_mean_by_year': 0.9007888092762686, 'roi_min_by_year': 0.8870602265951104, 'roi_std_by_year': 0.01437792214110822, 'n_years': 3, 'year_rois': {'2022': 0.9206427688504327, '2023': 0.8870602265951104, '2024': 0.8946634323832627}, 'objective': 0.9827381436146133, 'mean_delta_vs_default': 0.026124334285964168, 'min_year_delta_vs_default': 0.017040630685263958, 'year_delta_vs_default': {'2022': 0.021260815822002677, '2023': 0.0400715563506262, '2024': 0.017040630685263958}, 'candidate_changed': True, 'changes_late_weight': True, 'uses_tail_shrinkage': True, 'roi_floor_met': True, 'stable_tail_shrinkage_met': False, 'deployable_candidate': False}, {'weight': 0.08, 'ev_tail_penalty_weight': 0.15, 'roi_all': 0.8949214026602176, 'roi_mean_by_year': 0.8987695094036949, 'roi_min_by_year': 0.884778653729533, 'roi_std_by_year': 0.01380230582317426, 'n_years': 3, 'year_rois': {'2022': 0.9175525339925834, '2023': 0.8939773404889683, '2024': 0.884778653729533}, 'objective': 0.9820770289031722, 'mean_delta_vs_default': 0.024105034413390514, 'min_year_delta_vs_default': 0.007155852031534238, 'year_delta_vs_default': {'2022': 0.01817058096415336, '2023': 0.046988670244484054, '2024': 0.007155852031534238}, 'candidate_changed': True, 'changes_late_weight': True, 'uses_tail_shrinkage': True, 'roi_floor_met': True, 'stable_tail_shrinkage_met': False, 'deployable_candidate': False}, {'weight': 0.09, 'ev_tail_penalty_weight': 0.3, 'roi_all': 0.901354292623942, 'roi_mean_by_year': 0.898433465069899, 'roi_min_by_year': 0.884548825710754, 'roi_std_by_year': 0.011730321246224031, 'n_years': 3, 'year_rois': {'2022': 0.884548825710754, '2023': 0.9132379248658319, '2024': 0.897513644633111}, 'objective': 0.9803287994540407, 'mean_delta_vs_default': 0.023768990079594543, 'min_year_delta_vs_default': -0.014833127317676054, 'year_delta_vs_default': {'2022': -0.014833127317676054, '2023': 0.06624925462134768, '2024': 0.01989084293511223}, 'candidate_changed': True, 'changes_late_weight': False, 'uses_tail_shrinkage': True, 'roi_floor_met': True, 'stable_tail_shrinkage_met': False, 'deployable_candidate': False}, {'weight': 0.1, 'ev_tail_penalty_weight': 0.3, 'roi_all': 0.9045707376058041, 'roi_mean_by_year': 0.8984782115800805, 'roi_min_by_year': 0.8699629171817057, 'roi_std_by_year': 0.031738362880178006, 'n_years': 3, 'year_rois': {'2022': 0.8699629171817057, '2023': 0.9427549194991055, '2024': 0.8827167980594299}, 'objective': 0.9757137488662243, 'mean_delta_vs_default': 0.023813736589776036, 'min_year_delta_vs_default': -0.02941903584672434, 'year_delta_vs_default': {'2022': -0.02941903584672434, '2023': 0.0957662492546213, '2024': 0.005093996361431152}, 'candidate_changed': True, 'changes_late_weight': True, 'uses_tail_shrinkage': True, 'roi_floor_met': True, 'stable_tail_shrinkage_met': False, 'deployable_candidate': False}, {'weight': 0.12, 'ev_tail_penalty_weight': 0.75, 'roi_all': 0.9089963724304715, 'roi_mean_by_year': 0.9135354566646043, 'roi_min_by_year': 0.8194057004244997, 'roi_std_by_year': 0.06902798328056074, 'n_years': 3, 'year_rois': {'2022': 0.9381953028430161, '2023': 0.983005366726297, '2024': 0.8194057004244997}, 'objective': 0.9752218292149702, 'mean_delta_vs_default': 0.03887098167429992, 'min_year_delta_vs_default': -0.058217101273499106, 'year_delta_vs_default': {'2022': 0.03881334981458606, '2023': 0.1360166964818128, '2024': -0.058217101273499106}, 'candidate_changed': True, 'changes_late_weight': True, 'uses_tail_shrinkage': True, 'roi_floor_met': True, 'stable_tail_shrinkage_met': False, 'deployable_candidate': False}, {'weight': 0.09, 'ev_tail_penalty_weight': 0.5, 'roi_all': 0.8926481257557436, 'roi_mean_by_year': 0.8914109142327032, 'roi_min_by_year': 0.8854140914709517, 'roi_std_by_year': 0.004243335223548564, 'n_years': 3, 'year_rois': {'2022': 0.8854140914709517, '2023': 0.894215861657722, '2024': 0.8946027895694361}, 'objective': 0.9725158230962662, 'mean_delta_vs_default': 0.016746439242398825, 'min_year_delta_vs_default': -0.013967861557478312, 'year_delta_vs_default': {'2022': -0.013967861557478312, '2023': 0.047227191413237835, '2024': 0.016979987871437285}, 'candidate_changed': True, 'changes_late_weight': False, 'uses_tail_shrinkage': True, 'roi_floor_met': True, 'stable_tail_shrinkage_met': False, 'deployable_candidate': False}, {'weight': 0.1, 'ev_tail_penalty_weight': 0.5, 'roi_all': 0.9035308343409915, 'roi_mean_by_year': 0.8960429969891274, 'roi_min_by_year': 0.8608158220024722, 'roi_std_by_year': 0.03572519033735805, 'n_years': 3, 'year_rois': {'2022': 0.8608158220024722, '2023': 0.945020870602266, '2024': 0.8822922983626439}, 'objective': 0.9697658006387708, 'mean_delta_vs_default': 0.021378521998822952, 'min_year_delta_vs_default': -0.03856613102595785, 'year_delta_vs_default': {'2022': -0.03856613102595785, '2023': 0.09803220035778182, '2024': 0.004669496664645112}, 'candidate_changed': True, 'changes_late_weight': True, 'uses_tail_shrinkage': True, 'roi_floor_met': True, 'stable_tail_shrinkage_met': False, 'deployable_candidate': False}, {'weight': 0.12, 'ev_tail_penalty_weight': 1.0, 'roi_all': 0.8973639661426844, 'roi_mean_by_year': 0.9027820807004714, 'roi_min_by_year': 0.8235294117647058, 'roi_std_by_year': 0.056789088176590764, 'n_years': 3, 'year_rois': {'2022': 0.9311495673671198, '2023': 0.9536672629695885, '2024': 0.8235294117647058}, 'objective': 0.9642166586504535, 'mean_delta_vs_default': 0.02811760571016697, 'min_year_delta_vs_default': -0.054093389933292935, 'year_delta_vs_default': {'2022': 0.0317676143386898, '2023': 0.10667859272510427, '2024': -0.054093389933292935}, 'candidate_changed': True, 'changes_late_weight': True, 'uses_tail_shrinkage': True, 'roi_floor_met': True, 'stable_tail_shrinkage_met': False, 'deployable_candidate': False}, {'weight': 0.09, 'ev_tail_penalty_weight': 0.75, 'roi_all': 0.889310761789601, 'roi_mean_by_year': 0.8859168194006374, 'roi_min_by_year': 0.8694684796044501, 'roi_std_by_year': 0.011636842957553784, 'n_years': 3, 'year_rois': {'2022': 0.8694684796044501, '2023': 0.8936791890280261, '2024': 0.8946027895694361}, 'objective': 0.9618181409174494, 'mean_delta_vs_default': 0.01125234441033296, 'min_year_delta_vs_default': -0.029913473423979986, 'year_delta_vs_default': {'2022': -0.029913473423979986, '2023': 0.04669051878354191, '2024': 0.016979987871437285}, 'candidate_changed': True, 'changes_late_weight': False, 'uses_tail_shrinkage': True, 'roi_floor_met': True, 'stable_tail_shrinkage_met': False, 'deployable_candidate': False}, {'weight': 0.1, 'ev_tail_penalty_weight': 0.15, 'roi_all': 0.8871342200725513, 'roi_mean_by_year': 0.8824196084910642, 'roi_min_by_year': 0.8605686032138443, 'roi_std_by_year': 0.028817007182386292, 'n_years': 3, 'year_rois': {'2022': 0.8605686032138443, '2023': 0.9231365533691115, '2024': 0.8635536688902365}, 'objective': 0.9606539177350907, 'mean_delta_vs_default': 0.007755133500759737, 'min_year_delta_vs_default': -0.03881334981458573, 'year_delta_vs_default': {'2022': -0.03881334981458573, '2023': 0.07614788312462728, '2024': -0.01406913280776223}, 'candidate_changed': True, 'changes_late_weight': True, 'uses_tail_shrinkage': True, 'roi_floor_met': True, 'stable_tail_shrinkage_met': False, 'deployable_candidate': False}]}
00:14:58 [INFO] [TIMING] turf/win_selection_policy_train: 13.346s
00:15:04 [INFO] WinProfitSelector trained for turf: trained=False summary={'reason': 'no_deployable_profit_policy', 'selected_params': {'rank_limit': 1, 'min_score': -0.1849349578848882, 'min_edge': -inf, 'min_prob': 0.0, 'min_odds': 2.0, 'max_odds': 30.0}, 'eval_bets': 3579.0, 'eval_roi': 0.9222129086336965, 'eval_profit': -278.4, 'eval_yearly_roi': {'2022': 0.8723893805309733, '2023': 0.7570921985815603, '2024': 0.961915621436716}, 'min_eval_bets': 2949.0, 'min_yearly_roi': 0.85, 'n_eval_races': 3932, 'n_train_races': 4135, 'candidates': [{'params': {'rank_limit': 1, 'min_score': -0.1849349578848882, 'min_edge': -inf, 'min_prob': 0.0, 'min_odds': 2.0, 'max_odds': 30.0}, 'bets': 3579.0, 'roi': 0.9222129086336965, 'profit': -278.4, 'max_dd': 142.20000000000002, 'objective': -281.24399999999997, 'volume_ok': True, 'yearly_roi': {'2022': 0.8723893805309733, '2023': 0.7570921985815603, '2024': 0.961915621436716}}, {'params': {'rank_limit': 1, 'min_score': -0.1849349578848882, 'min_edge': -inf, 'min_prob': 0.01, 'min_odds': 2.0, 'max_odds': 30.0}, 'bets': 3579.0, 'roi': 0.9222129086336965, 'profit': -278.4, 'max_dd': 142.20000000000002, 'objective': -281.24399999999997, 'volume_ok': True, 'yearly_roi': {'2022': 0.8723893805309733, '2023': 0.7570921985815603, '2024': 0.961915621436716}}, {'params': {'rank_limit': 1, 'min_score': -0.1849349578848882, 'min_edge': -inf, 'min_prob': 0.0, 'min_odds': 1.0, 'max_odds': 100.0}, 'bets': 3669.0, 'roi': 0.9209048787135459, 'profit': -290.2, 'max_dd': 135.99999999999997, 'objective': -292.92, 'volume_ok': True, 'yearly_roi': {'2022': 0.9623693379790942, '2023': 0.7387543252595156, '2024': 0.9403761061946901}}, {'params': {'rank_limit': 1, 'min_score': -0.1849349578848882, 'min_edge': -inf, 'min_prob': 0.01, 'min_odds': 1.0, 'max_odds': 100.0}, 'bets': 3669.0, 'roi': 0.9209048787135459, 'profit': -290.2, 'max_dd': 135.99999999999997, 'objective': -292.92, 'volume_ok': True, 'yearly_roi': {'2022': 0.9623693379790942, '2023': 0.7387543252595156, '2024': 0.9403761061946901}}, {'params': {'rank_limit': 1, 'min_score': -inf, 'min_edge': -inf, 'min_prob': 0.0, 'min_odds': 5.0, 'max_odds': 50.0}, 'bets': 3138.0, 'roi': 0.9075207138304653, 'profit': -290.2, 'max_dd': 162.90000000000003, 'objective': -293.45799999999997, 'volume_ok': True, 'yearly_roi': {'2022': 0.8268595041322314, '2023': 0.6527472527472528, '2024': 0.987248322147651}}, {'params': {'rank_limit': 1, 'min_score': -inf, 'min_edge': -inf, 'min_prob': 0.01, 'min_odds': 5.0, 'max_odds': 50.0}, 'bets': 3138.0, 'roi': 0.9075207138304653, 'profit': -290.2, 'max_dd': 162.90000000000003, 'objective': -293.45799999999997, 'volume_ok': True, 'yearly_roi': {'2022': 0.8268595041322314, '2023': 0.6527472527472528, '2024': 0.987248322147651}}, {'params': {'rank_limit': 1, 'min_score': -0.1849349578848882, 'min_edge': -inf, 'min_prob': 0.0, 'min_odds': 1.0, 'max_odds': inf}, 'bets': 3670.0, 'roi': 0.9206539509536784, 'profit': -291.20000000000005, 'max_dd': 135.99999999999997, 'objective': -293.9200000000001, 'volume_ok': True, 'yearly_roi': {'2022': 0.9623693379790942, '2023': 0.7387543252595156, '2024': 0.9403761061946901}}, {'params': {'rank_limit': 1, 'min_score': -0.1849349578848882, 'min_edge': -inf, 'min_prob': 0.01, 'min_odds': 1.0, 'max_odds': inf}, 'bets': 3670.0, 'roi': 0.9206539509536784, 'profit': -291.20000000000005, 'max_dd': 135.99999999999997, 'objective': -293.9200000000001, 'volume_ok': True, 'yearly_roi': {'2022': 0.9623693379790942, '2023': 0.7387543252595156, '2024': 0.9403761061946901}}, {'params': {'rank_limit': 1, 'min_score': -0.22933371253165158, 'min_edge': -inf, 'min_prob': 0.0, 'min_odds': 5.0, 'max_odds': 50.0}, 'bets': 3132.0, 'roi': 0.9068326947637292, 'profit': -291.8, 'max_dd': 159.90000000000003, 'objective': -294.998, 'volume_ok': True, 'yearly_roi': {'2022': 0.8302904564315352, '2023': 0.6575645756457564, '2024': 0.9783602150537632}}, {'params': {'rank_limit': 1, 'min_score': -0.22933371253165158, 'min_edge': -inf, 'min_prob': 0.01, 'min_odds': 5.0, 'max_odds': 50.0}, 'bets': 3132.0, 'roi': 0.9068326947637292, 'profit': -291.8, 'max_dd': 159.90000000000003, 'objective': -294.998, 'volume_ok': True, 'yearly_roi': {'2022': 0.8302904564315352, '2023': 0.6575645756457564, '2024': 0.9783602150537632}}]}
00:15:04 [INFO] [TIMING] turf/win_profit_selector_train: 5.735s
00:15:04 [INFO] Trained turf submodel (sequential)
00:19:38 [INFO] [TIMING] dirt/horse_history: 273.991s
00:19:38 [INFO] [TIMING] dirt/add_race_transforms: 0.254s
00:20:35 [INFO] [TIMING] dirt/pace_aptitude: 57.112s
00:21:34 [INFO] [TIMING] dirt/course_features: 58.731s
00:21:48 [INFO] [TIMING] dirt/sire_features: 13.596s
00:21:48 [INFO] [TIMING] dirt/dam_pedigree: 0.205s
00:21:48 [INFO] [TIMING] dirt/record_features: 0.106s
00:21:49 [INFO] [TIMING] dirt/track_condition: 0.476s
00:21:49 [INFO] [TIMING] dirt/interaction: 0.329s
00:21:49 [INFO] [TIMING] dirt/mining_features: 0.165s
00:21:49 [INFO] [TIMING] dirt/relative_features: 0.244s
00:21:54 [INFO] [TIMING] dirt/market_model: 5.038s
00:21:56 [INFO] SubModel 'dirt' 学習完了: 24132 samples
00:22:00 [INFO] SubModel 'dirt' 学習完了: 47638 samples
00:22:04 [INFO] SubModel 'dirt' 学習完了: 71157 samples
00:22:07 [INFO] SubModel 'dirt' 学習完了: 94799 samples
00:22:07 [INFO] [TIMING] dirt/ability_oof: 12.220s
00:22:07 [INFO] [TIMING] dirt/target_encoding: 0.167s
00:22:07 [INFO] Skipping PlaceAbilityModel for dirt (betting_target=win)
00:23:20 [INFO] XGB correlation penalty applied: mean_corr=0.9818 > threshold=0.8500
00:28:54 [INFO] CAT correlation penalty applied: mean_corr=0.9751 > threshold=0.8500
00:29:20 [INFO] Orthogonalized XGB stack feature: max_corr=0.9654 >= threshold=0.9500
00:29:36 [INFO] OOF prediction correlation LGB-XGB: 0.6079
00:29:36 [INFO] OOF prediction correlation LGB-CAT: 0.9491
00:29:36 [INFO] OOF prediction correlation XGB-CAT: 0.6752
00:29:36 [INFO] Feature importance rank correlation LGB-XGB: 0.7253
00:29:36 [INFO] Feature importance rank correlation LGB-CAT: 0.8211
00:29:36 [WARNING] High importance correlation LGB-CAT: 0.8211 > 0.8 — models rely on similar features
00:29:36 [INFO] Feature importance rank correlation XGB-CAT: 0.7533
00:29:36 [INFO] [TIMING] dirt/win_hit_ensemble: 448.311s
00:29:36 [INFO] [TIMING] dirt/win_return: 0.352s
00:29:37 [INFO] [TIMING] dirt/win_predict: 0.561s
00:29:37 [INFO] [TIMING] dirt/jockey_ctx: 0.876s
00:29:38 [INFO] [TIMING] dirt/trainer_ctx: 0.849s
00:29:49 [INFO] [TIMING] dirt/jt_combo: 10.905s
00:29:51 [INFO] [TIMING] dirt/ev_correction: 1.686s
00:30:03 [INFO] [TIMING] dirt/ev_isotonic_oof: 11.673s
00:30:03 [INFO] [TIMING] dirt/ev_isotonic_fit: 0.012s
00:30:04 [INFO] EV Isotonic fitted for dirt: 58750 OOF samples, band_scales={'1.0-3.0': 1.1689034078685676, '3.0-10.0': 1.063187440159977, '10.0-30.0': 1.109585179248352, '30.0+': 0.8930321725597227}
00:30:04 [INFO] Skipping place model training for dirt (betting_target=win)
00:30:14 [INFO] Win OOF: 58750 valid / 70667 total samples
00:30:14 [INFO] [TIMING] dirt/win_oof: 10.715s
00:30:18 [INFO] [TIMING] dirt/market_aware_calibrator: 3.863s
00:30:18 [INFO] MarketAwareWinCalibrator trained for dirt: is_trained=True best_c=0.03 summary={'best_c': 0.03, 'n_samples': 58750, 'n_features': 51, 'n_positive': 4190, 'beta_market_contribution': 0.9628968117740823, 'deployment_status': 'deployable', 'trained': True}
00:30:29 [INFO] [TIMING] dirt/race_level_ranker: 11.192s
00:30:29 [INFO] RaceLevelRanker trained for dirt: is_trained=False summary={'relevance_best_alpha_dirt': 1.0, 'value_best_alpha_dirt': 0.3, 'dirt_diagnostics': {'top1_win_rate': 0.3249701314217443, 'ndcg_at_3': 0.5557481410647738, 'rank_of_actual_winner': 3.390453460620525, 'top3_contains_winner': 0.6446833930704898}, 'deployment_status': 'shadow_only', 'component_names': ['relevance_score', 'value_score', 'relevance_score_pct', 'value_score_pct', 'calibrated_log_ev_pct', 'uncertainty_penalty_pct', 'investment_score'], 'trained': True, 'n_samples': 58750}
00:30:33 [INFO] CQR calibrated: Q_90=0.0706, Q_80=0.0646, residual_floor_90=0.0706, residual_floor_80=0.0646, n_calib=14134
00:30:33 [INFO] Conformal EV fitted for dirt: Q_90=0.0706, Q_80=0.0646
00:30:33 [INFO] [TIMING] dirt/conformal_ev: 3.379s
00:30:44 [INFO] [TIMING] dirt/win_selection_oof: 11.130s
00:30:44 [INFO] Drift diagnostics saved to data\backtest\drift_diagnostics_dirt.json
00:30:44 [INFO] === Drift Diagnostics Summary (surface=dirt) ===
00:30:44 [INFO]   p_win_pred: mean=0.1453 std=0.1486 q50=0.0831 n=58750
00:30:44 [INFO]   ev_win: mean=2.0324 std=1.0504 q50=1.8326 n=58750
00:30:44 [INFO]   p_win_corrected: mean=0.0712 std=0.0689 q50=0.0436 n=58750
00:30:44 [INFO]   ev_win_corrected: mean=1.0399 std=0.6789 q50=0.8333 n=58750
00:30:44 [INFO]   win_selection_prob: mean=0.0712 std=0.0689 q50=0.0436 n=58750
00:30:44 [INFO]   win_selection_edge: mean=0.0399 std=0.6789 q50=-0.1667 n=58750
00:30:44 [INFO]   win_selection_ev: mean=1.0399 std=0.6789 q50=0.8333 n=58750
00:30:44 [INFO]   Surface dirt: OK (7 columns)
00:30:44 [INFO]   Year 2022: OK (7 columns)
00:30:44 [INFO]   Year 2023: OK (7 columns)
00:30:44 [INFO]   Year 2024: OK (7 columns)
00:30:44 [INFO] No significant drift detected.
00:30:44 [INFO] [TIMING] dirt/drift_diagnostics: 0.230s
00:30:45 [INFO] EV diagnostics written to data\backtest\ev_diagnostics_dirt.json
00:30:45 [INFO] === EV Diagnostics (dirt) ===
00:30:45 [INFO]   Samples: 58750 / 58750
00:30:45 [INFO]   Correlation: r=-0.0074 (p=0.0737)
00:30:45 [INFO]   RMSE: 6.1164
00:30:45 [INFO]   EV Bias: +0.3155 (predicted 1.0399 vs actual 0.7243)
00:30:45 [INFO]   ECE: 0.0148
00:30:45 [INFO]   Brier: 0.0585 (reliability=0.0005, resolution=0.0075, uncertainty=0.0662)
00:30:45 [INFO]   Temporal drift (3 years):
00:30:45 [INFO]     2022: n=11765, bias=+0.5035, corr=-0.021
00:30:45 [INFO]     2023: n=23510, bias=+0.4726, corr=-0.011
00:30:45 [INFO]     2024: n=23475, bias=+0.0640, corr=0.017
00:30:45 [INFO] [TIMING] dirt/ev_diagnostics: 0.628s
00:31:41 [INFO] [TIMING] dirt/win_selection_gate_train: 55.918s
00:31:55 [INFO] Win selection OOF guard passed for dirt: {'context': 'dirt/win_selection_train', 'n_races': 4185, 'top1_hit_rate': 0.03034647550776583, 'top1_roi': 0.009094862604540023}
00:31:55 [INFO] WinSelectionPolicy trained for dirt: late_odds_drop_weight=0.0600 summary={'selected_weight': 0.06, 'selected_ev_tail_penalty_weight': 0.0, 'default_weight': 0.06, 'default_ev_tail_penalty_weight': 0.0, 'ev_tail_threshold': 1.2, 'market_risk_penalty_weight': 0.0, 'default_log_odds_penalty': 0.05, 'default_prob_rank_bonus': 0.02, 'min_policy_deploy_roi_all': 0.85, 'min_tail_shrinkage_mean_roi_improvement': 0.005, 'min_tail_shrinkage_year_roi': 0.8, 'default_roi_mean_by_year': 0.3321071338305495, 'selected_roi_mean_by_year': 0.3321071338305495, 'selected_roi_min_by_year': 0.006266666666666666, 'selected_roi_all': 0.009094862604540023, 'selected_mean_delta_vs_default': 0.0, 'selected_min_year_delta_vs_default': 0.0, 'candidate_best_weight': 0.0, 'candidate_best_ev_tail_penalty_weight': 1.0, 'candidate_best_mean_delta_vs_default': 0.16351852172821768, 'candidate_best_min_year_delta_vs_default': -0.14582836710369496, 'roi_floor_met': False, 'stable_tail_shrinkage_met': False, 'deployable': False, 'fallback_reason': 'use_default_policy_until_oof_roi_floor_is_met', 'n_years': 3, 'candidates': [{'weight': 0.0, 'ev_tail_penalty_weight': 1.0, 'roi_all': 0.7930227001194744, 'roi_mean_by_year': 0.4956256555587672, 'roi_min_by_year': 0.008280266343825666, 'roi_std_by_year': 0.3532429197558068, 'n_years': 3, 'year_rois': {'2022': 0.6442105263157895, '2023': 0.008280266343825666, '2024': 0.8343861740166865}, 'objective': 0.4334672442297787, 'mean_delta_vs_default': 0.16351852172821768, 'min_year_delta_vs_default': -0.14582836710369496, 'year_delta_vs_default': {'2022': 0.6379438596491228, '2023': -0.0015599273607748189, '2024': -0.14582836710369496}, 'candidate_changed': True, 'changes_late_weight': True, 'uses_tail_shrinkage': True, 'roi_floor_met': False, 'stable_tail_shrinkage_met': False, 'deployable_candidate': False}, {'weight': 0.03, 'ev_tail_penalty_weight': 1.0, 'roi_all': 0.7410035842293907, 'roi_mean_by_year': 0.46633146353658805, 'roi_min_by_year': 0.007732445520581113, 'roi_std_by_year': 0.32999917396643835, 'n_years': 3, 'year_rois': {'2022': 0.620701754385965, '2023': 0.007732445520581113, '2024': 0.7705601907032181}, 'objective': 0.4070048319936804, 'mean_delta_vs_default': 0.13422432970603854, 'min_year_delta_vs_default': -0.2096543504171633, 'year_delta_vs_default': {'2022': 0.6144350877192983, '2023': -0.0021077481840193714, '2024': -0.2096543504171633}, 'candidate_changed': True, 'changes_late_weight': True, 'uses_tail_shrinkage': True, 'roi_floor_met': False, 'stable_tail_shrinkage_met': False, 'deployable_candidate': False}, {'weight': 0.06, 'ev_tail_penalty_weight': 1.0, 'roi_all': 0.7997610513739546, 'roi_mean_by_year': 0.46828256499024845, 'roi_min_by_year': 0.008513922518159805, 'roi_std_by_year': 0.367187354995334, 'n_years': 3, 'year_rois': {'2022': 0.48912280701754385, '2023': 0.008513922518159805, '2024': 0.9072109654350416}, 'objective': 0.40285585399276436, 'mean_delta_vs_default': 0.13617543115969893, 'min_year_delta_vs_default': -0.07300357568533977, 'year_delta_vs_default': {'2022': 0.4828561403508772, '2023': -0.0013262711864406793, '2024': -0.07300357568533977}, 'candidate_changed': True, 'changes_late_weight': False, 'uses_tail_shrinkage': True, 'roi_floor_met': False, 'stable_tail_shrinkage_met': False, 'deployable_candidate': False}, {'weight': 0.08, 'ev_tail_penalty_weight': 1.0, 'roi_all': 0.007567025089605735, 'roi_mean_by_year': 0.46878658533467266, 'roi_min_by_year': 0.007286924939467312, 'roi_std_by_year': 0.3773931902489032, 'n_years': 3, 'year_rois': {'2022': 0.46736842105263154, '2023': 0.007286924939467312, '2024': 0.9317044100119191}, 'objective': 0.4013062992912839, 'mean_delta_vs_default': 0.13667945150412314, 'min_year_delta_vs_default': -0.04851013110846236, 'year_delta_vs_default': {'2022': 0.4611017543859649, '2023': -0.002553268765133172, '2024': -0.04851013110846236}, 'candidate_changed': True, 'changes_late_weight': True, 'uses_tail_shrinkage': True, 'roi_floor_met': False, 'stable_tail_shrinkage_met': False, 'deployable_candidate': False}, {'weight': 0.09, 'ev_tail_penalty_weight': 1.0, 'roi_all': 0.00752568697729988, 'roi_mean_by_year': 0.4519186775906026, 'roi_min_by_year': 0.00759503631961259, 'roi_std_by_year': 0.36504896619703225, 'n_years': 3, 'year_rois': {'2022': 0.4464327485380117, '2023': 0.00759503631961259, '2024': 0.9017282479141836}, 'objective': 0.38612083629300903, 'mean_delta_vs_default': 0.1198115437600531, 'min_year_delta_vs_default': -0.07848629320619782, 'year_delta_vs_default': {'2022': 0.44016608187134504, '2023': -0.0022451573849878942, '2024': -0.07848629320619782}, 'candidate_changed': True, 'changes_late_weight': True, 'uses_tail_shrinkage': True, 'roi_floor_met': False, 'stable_tail_shrinkage_met': False, 'deployable_candidate': False}, {'weight': 0.1, 'ev_tail_penalty_weight': 1.0, 'roi_all': 0.007314456391875747, 'roi_mean_by_year': 0.4368517350976728, 'roi_min_by_year': 0.0074794188861985475, 'roi_std_by_year': 0.3498234630467081, 'n_years': 3, 'year_rois': {'2022': 0.43871345029239767, '2023': 0.0074794188861985475, '2024': 0.864362336114422}, 'objective': 0.3731261575292864, 'mean_delta_vs_default': 0.10474460126712326, 'min_year_delta_vs_default': -0.11585220500595939, 'year_delta_vs_default': {'2022': 0.432446783625731, '2023': -0.002360774818401937, '2024': -0.11585220500595939}, 'candidate_changed': True, 'changes_late_weight': True, 'uses_tail_shrinkage': True, 'roi_floor_met': False, 'stable_tail_shrinkage_met': False, 'deployable_candidate': False}, {'weight': 0.08, 'ev_tail_penalty_weight': 0.0, 'roi_all': 0.009243488649940262, 'roi_mean_by_year': 0.34515132317352576, 'roi_min_by_year': 0.006266666666666666, 'roi_std_by_year': 0.47674559896709784, 'n_years': 3, 'year_rois': {'2022': 0.006266666666666666, '2023': 0.009819007263922517, '2024': 1.019368295589988}, 'objective': 0.2726661499951278, 'mean_delta_vs_default': 0.013044189342976242, 'min_year_delta_vs_default': -2.1186440677967502e-05, 'year_delta_vs_default': {'2022': 0.0, '2023': -2.1186440677967502e-05, '2024': 0.03915375446960667}, 'candidate_changed': True, 'changes_late_weight': True, 'uses_tail_shrinkage': False, 'roi_floor_met': False, 'stable_tail_shrinkage_met': False, 'deployable_candidate': False}, {'weight': 0.08, 'ev_tail_penalty_weight': 0.15, 'roi_all': 0.009236559139784946, 'roi_mean_by_year': 0.3462402987839243, 'roi_min_by_year': 0.006349707602339182, 'roi_std_by_year': 0.47829304837810066, 'n_years': 3, 'year_rois': {'2022': 0.006349707602339182, '2023': 0.009725181598062953, '2024': 1.0226460071513708}, 'objective': 0.2720313122874432, 'mean_delta_vs_default': 0.0141331649533748, 'min_year_delta_vs_default': -0.00011501210653753167, 'year_delta_vs_default': {'2022': 8.304093567251553e-05, '2023': -0.00011501210653753167, '2024': 0.04243146603098935}, 'candidate_changed': True, 'changes_late_weight': True, 'uses_tail_shrinkage': True, 'roi_floor_met': False, 'stable_tail_shrinkage_met': False, 'deployable_candidate': False}, {'weight': 0.09, 'ev_tail_penalty_weight': 0.0, 'roi_all': 0.009201433691756272, 'roi_mean_by_year': 0.3417927395085492, 'roi_min_by_year': 0.006266666666666666, 'roi_std_by_year': 0.4719988574838869, 'n_years': 3, 'year_rois': {'2022': 0.006266666666666666, '2023': 0.009814769975786924, '2024': 1.0092967818831942}, 'objective': 0.2698195775526328, 'mean_delta_vs_default': 0.009685605677999698, 'min_year_delta_vs_default': -2.5423728813559962e-05, 'year_delta_vs_default': {'2022': 0.0, '2023': -2.5423728813559962e-05, '2024': 0.02908224076281274}, 'candidate_changed': True, 'changes_late_weight': True, 'uses_tail_shrinkage': False, 'roi_floor_met': False, 'stable_tail_shrinkage_met': False, 'deployable_candidate': False}, {'weight': 0.09, 'ev_tail_penalty_weight': 0.15, 'roi_all': 0.009231541218637992, 'roi_mean_by_year': 0.34291299034090095, 'roi_min_by_year': 0.006349707602339182, 'roi_std_by_year': 0.47352430294450487, 'n_years': 3, 'year_rois': {'2022': 0.006349707602339182, '2023': 0.009814769975786924, '2024': 1.0125744934445768}, 'objective': 0.2692193156594591, 'mean_delta_vs_default': 0.01080585651035143, 'min_year_delta_vs_default': -2.5423728813559962e-05, 'year_delta_vs_default': {'2022': 8.304093567251553e-05, '2023': -2.5423728813559962e-05, '2024': 0.03235995232419542}, 'candidate_changed': True, 'changes_late_weight': True, 'uses_tail_shrinkage': True, 'roi_floor_met': False, 'stable_tail_shrinkage_met': False, 'deployable_candidate': False}]}
00:31:55 [INFO] [TIMING] dirt/win_selection_policy_train: 13.891s
00:32:01 [INFO] WinProfitSelector trained for dirt: trained=False summary={'reason': 'no_deployable_profit_policy', 'selected_params': {'rank_limit': 2, 'min_score': -0.03129245704135584, 'min_edge': 0.1, 'min_prob': 0.02, 'min_odds': 1.0, 'max_odds': 100.0}, 'eval_bets': 3303.0, 'eval_roi': 0.9173175900696336, 'eval_profit': -273.0999999999999, 'eval_yearly_roi': {'2022': 0.6162210338680928, '2023': 1.731638418079096, '2024': 1.0402466367713006}, 'min_eval_bets': 2988.0, 'min_yearly_roi': 0.85, 'n_eval_races': 3984, 'n_train_races': 4185, 'candidates': [{'params': {'rank_limit': 2, 'min_score': -0.03129245704135584, 'min_edge': 0.1, 'min_prob': 0.02, 'min_odds': 1.0, 'max_odds': 100.0}, 'bets': 3303.0, 'roi': 0.9173175900696336, 'profit': -273.0999999999999, 'max_dd': 312.59999999999997, 'objective': -279.3519999999999, 'volume_ok': True, 'yearly_roi': {'2022': 0.6162210338680928, '2023': 1.731638418079096, '2024': 1.0402466367713006}}, {'params': {'rank_limit': 3, 'min_score': -inf, 'min_edge': -inf, 'min_prob': 0.08, 'min_odds': 2.0, 'max_odds': 30.0}, 'bets': 2990.0, 'roi': 0.895886287625418, 'profit': -311.29999999999995, 'max_dd': 193.09999999999997, 'objective': -315.162, 'volume_ok': True, 'yearly_roi': {'2022': 0.530188679245283, '2023': 2.0285714285714285, '2024': 0.8752408477842004}}, {'params': {'rank_limit': 2, 'min_score': -0.14532778123021253, 'min_edge': 0.0, 'min_prob': 0.0, 'min_odds': 5.0, 'max_odds': 50.0}, 'bets': 3000.0, 'roi': 0.8953333333333333, 'profit': -314.0, 'max_dd': 227.7, 'objective': -318.554, 'volume_ok': True, 'yearly_roi': {'2022': 0.62, '2023': 1.9625000000000001, '2024': 0.9340160284951025}}, {'params': {'rank_limit': 2, 'min_score': -0.14532778123021253, 'min_edge': 0.0, 'min_prob': 0.01, 'min_odds': 5.0, 'max_odds': 50.0}, 'bets': 3000.0, 'roi': 0.8953333333333333, 'profit': -314.0, 'max_dd': 227.7, 'objective': -318.554, 'volume_ok': True, 'yearly_roi': {'2022': 0.62, '2023': 1.9625000000000001, '2024': 0.9340160284951025}}, {'params': {'rank_limit': 2, 'min_score': -0.14532778123021253, 'min_edge': 0.0, 'min_prob': 0.0, 'min_odds': 2.0, 'max_odds': 50.0}, 'bets': 3014.0, 'roi': 0.8940942269409423, 'profit': -319.19999999999993, 'max_dd': 230.7, 'objective': -323.8139999999999, 'volume_ok': True, 'yearly_roi': {'2022': 0.62, '2023': 1.9625000000000001, '2024': 0.930700976042591}}, {'params': {'rank_limit': 2, 'min_score': -0.14532778123021253, 'min_edge': 0.0, 'min_prob': 0.01, 'min_odds': 2.0, 'max_odds': 50.0}, 'bets': 3014.0, 'roi': 0.8940942269409423, 'profit': -319.19999999999993, 'max_dd': 230.7, 'objective': -323.8139999999999, 'volume_ok': True, 'yearly_roi': {'2022': 0.62, '2023': 1.9625000000000001, '2024': 0.930700976042591}}, {'params': {'rank_limit': 2, 'min_score': -0.03129245704135584, 'min_edge': 0.1, 'min_prob': 0.01, 'min_odds': 1.0, 'max_odds': 100.0}, 'bets': 3652.0, 'roi': 0.9119386637458928, 'profit': -321.6, 'max_dd': 331.99999999999994, 'objective': -328.24, 'volume_ok': True, 'yearly_roi': {'2022': 0.6118584070796461, '2023': 1.731638418079096, '2024': 0.9851562500000001}}, {'params': {'rank_limit': 2, 'min_score': -0.14532778123021253, 'min_edge': 0.1, 'min_prob': 0.02, 'min_odds': 1.0, 'max_odds': 100.0}, 'bets': 3431.0, 'roi': 0.9053628679685224, 'profit': -324.69999999999993, 'max_dd': 310.59999999999997, 'objective': -330.9119999999999, 'volume_ok': True, 'yearly_roi': {'2022': 0.6151245551601424, '2023': 1.731638418079096, '2024': 0.9892063492063493}}, {'params': {'rank_limit': 2, 'min_score': -inf, 'min_edge': 0.1, 'min_prob': 0.02, 'min_odds': 1.0, 'max_odds': 100.0}, 'bets': 3432.0, 'roi': 0.9050990675990677, 'profit': -325.69999999999993, 'max_dd': 310.59999999999997, 'objective': -331.9119999999999, 'volume_ok': True, 'yearly_roi': {'2022': 0.6151245551601424, '2023': 1.731638418079096, '2024': 0.9881606765327696}}, {'params': {'rank_limit': 2, 'min_score': -0.23333606155321446, 'min_edge': 0.1, 'min_prob': 0.02, 'min_odds': 1.0, 'max_odds': 100.0}, 'bets': 3432.0, 'roi': 0.9050990675990677, 'profit': -325.69999999999993, 'max_dd': 310.59999999999997, 'objective': -331.9119999999999, 'volume_ok': True, 'yearly_roi': {'2022': 0.6151245551601424, '2023': 1.731638418079096, '2024': 0.9881606765327696}}]}
00:32:01 [INFO] [TIMING] dirt/win_profit_selector_train: 6.299s
00:32:01 [INFO] Trained dirt submodel (sequential)
00:32:03 [INFO] Saved full feature set: 136859 rows, 395 cols -> data/features/horse_features.parquet
00:32:05 [INFO] Saved OOF predictions: 136859 rows -> data\oof\oof_predictions.parquet (validated, manifest=data\oof\manifests\oof_predictions.health.json)
00:32:05 [INFO] Win selection OOF guard passed: {'context': 'combined_win_selection_oof_save', 'n_races': 8320, 'top1_hit_rate': 0.08004807692307692, 'top1_roi': 0.8895913461538463}
00:32:05 [INFO] Saved win selection OOF predictions: 113938 rows, 41 cols -> data\oof\win_selection_oof.parquet
00:32:12 [INFO] [TIMING] race_level_features: 5.633s
00:32:12 [INFO] [TIMING] quality_screener: 0.199s
00:32:12 [INFO] Trained RaceQualityScreener
00:32:12 [INFO] [TIMING] regime_detector: 0.224s
00:32:12 [INFO] Trained RegimeDetector
00:32:20 [INFO] Saved ConformalEVModel for turf to data\models-backtest\2025
00:32:20 [INFO] Saved ConformalEVModel for dirt to data\models-backtest\2025
00:32:20 [INFO] CQR params SHA256 for turf: 14decdb676ae9dc5
00:32:20 [INFO] CQR params SHA256 for dirt: 70d6f2c0e9adb338
00:32:20 [INFO] Models saved to data\models-backtest\2025
00:32:20 [INFO] キャリブレーションBT: スキップ (--calibration-bt 未指定)
00:33:45 [INFO] Loaded win payout map: 3455 entries
00:33:45 [INFO] Feature cache HIT: feat_b02cec67cf96df2b
00:33:45 [INFO] Skipping wide odds pivot for betting_target=win
00:33:45 [INFO] Pre-computing HorseHistoryFeatures for 3335 races...
00:36:36 [INFO] Pre-computing JockeyContextFeatures for 46499 entries...
00:36:36 [INFO] Pre-computing TrainerContextFeatures for 46499 entries...
00:36:37 [INFO] Pre-computing JockeyTrainerComboFeatures for 46499 entries...
00:36:45 [INFO] Computing SireFeatures for backtest inference...
00:36:58 [INFO] Pre-computing PaceAptitudeFeatures...
00:37:22 [INFO] Pre-computing CourseFeatures...
00:37:46 [INFO] Merged hist features into feat_df: 67 columns
00:37:47 [INFO] [features] 3335 groups, 46160 rows, 177.1 MB
00:37:47 [INFO] [jockey] 3336 groups, 46499 rows, 5.0 MB
00:37:47 [INFO] [trainer] 3336 groups, 46499 rows, 5.0 MB
00:37:47 [INFO] [jockey_trainer] 3336 groups, 46499 rows, 5.4 MB
00:52:42 [INFO] Race diagnostics saved: 3335 records -> data\backtest\bt_2025_race_diagnostics.csv
00:52:46 [INFO] Horse diagnostics saved: 46160 records -> data\backtest\bt_2025_horse_diagnostics.csv
00:52:49 [INFO] Feature diagnostics saved: 46160 records -> data\backtest\bt_2025_horse_features.parquet
00:52:49 [INFO] Bet Selection Filters: EV_excluded=0, COLLAPSED_skipped=0
00:52:49 [INFO] Win EV/Odds filter excluded 3114 bets (min_ev=1.30, min_odds=0.0)
00:52:49 [WARNING] Bet count guard WARNING: 221 bets/year (below 1000 threshold). Ultra-selective betting produces unreliable ROI estimates. Total bets: 221, Period: 1.0 years.
00:52:49 [INFO] Validation report saved: data\validation\validation_report.json
00:52:51 [INFO] Parquet保存: C:\Users\hirom\develop\keiba-ai\data\backtest\predictions\2025.parquet (46160 rows)

==================================================
  2025年 (学習: 2021-2024)
==================================================
  学習完了 (2487秒)
  テスト完了 (1231秒)
  ベット数:      221 | 投資額: ¥    22,100 | 払戻: ¥    20,840
  ROI:    94.3% | 利益: ¥    -1,260 | 最大DD:   7.0%

==================================================
  全体サマリー
==================================================
  総ベット数:         221
  総投資額:  ¥      22,100
  総払戻額:  ¥      20,840
  総利益:    ¥      -1,260
  合計 ROI:        94.3%
  最良年度:  2025 (94.3%)
  最悪年度:  2025 (94.3%)

  JSON保存: C:\Users\hirom\develop\keiba-ai\data\backtest\multi_year_result.json
  レポート生成: C:\Users\hirom\develop\keiba-ai\data\backtest\multi_year_report.html
  bet_history保存: C:\Users\hirom\develop\keiba-ai\data\backtest\multi_year_bet_history.json
  検証レポート: C:\Users\hirom\develop\keiba-ai\data\validation\multi_year_validation_report.json
